Product: MDK-ARM Professional 5.10
Component: ARM Compiler 5.04 update 1 (build 49)
Tool: armlink [5040049]

==============================================================================

Section Cross References

    main.o(.text) refers to misc.o(.text) for NVIC_PriorityGroupConfig
    main.o(.text) refers to delay.o(.text) for delay_init
    main.o(.text) refers to exti.o(.text) for EXTIX_Init
    main.o(.text) refers to usart.o(.text) for uart_init
    main.o(.text) refers to pwm.o(.text) for TIM10_PWM_Init
    main.o(.text) refers to ctrl.o(.text) for set_point
    main.o(.text) refers to rt_memcpy_w.o(.text) for __aeabi_memcpy4
    main.o(.text) refers to mpu6050.o(.text) for MPU_Init
    main.o(.text) refers to noretval__2printf.o(.text) for __2printf
    main.o(.text) refers to inv_mpu.o(.text) for mpu_dmp_init
    main.o(.text) refers to main.o(.bss) for exp_point
    main.o(.text) refers to main.o(.data) for init_omegax
    system_stm32f4xx.o(.text) refers to system_stm32f4xx.o(.data) for SystemCoreClock
    led.o(.text) refers to stm32f4xx_rcc.o(.text) for RCC_AHB1PeriphClockCmd
    led.o(.text) refers to stm32f4xx_gpio.o(.text) for GPIO_Init
    timer.o(.text) refers to stm32f4xx_rcc.o(.text) for RCC_APB1PeriphClockCmd
    timer.o(.text) refers to stm32f4xx_tim.o(.text) for TIM_TimeBaseInit
    timer.o(.text) refers to misc.o(.text) for NVIC_Init
    timer.o(.text) refers to ctrl.o(.text) for ctrl1
    timer.o(.text) refers to stm32f4xx_gpio.o(.text) for GPIO_SetBits
    timer.o(.text) refers to main.o(.bss) for exp_point
    timer.o(.text) refers to timer.o(.data) for flag
    myiic.o(.text) refers to stm32f4xx_rcc.o(.text) for RCC_AHB1PeriphClockCmd
    myiic.o(.text) refers to stm32f4xx_gpio.o(.text) for GPIO_Init
    myiic.o(.text) refers to delay.o(.text) for delay_us
    mpu6050.o(.text) refers to myiic.o(.text) for IIC_Start
    mpu6050.o(.text) refers to delay.o(.text) for delay_ms
    mpu6050.o(.text) refers to dflt_clz.o(x$fpl$dflt) for __aeabi_i2d
    mpu6050.o(.text) refers to ddiv.o(x$fpl$ddiv) for __aeabi_ddiv
    mpu6050.o(.text) refers to daddsub_clz.o(x$fpl$dadd) for __aeabi_dadd
    mpu6050.o(.text) refers to d2f.o(x$fpl$d2f) for __aeabi_d2f
    inv_mpu.o(.text) refers to _printf_pad.o(.text) for _printf_pre_padding
    inv_mpu.o(.text) refers to _printf_percent.o(.ARM.Collect$$_printf_percent$$00000000) for _printf_percent
    inv_mpu.o(.text) refers to _printf_x.o(.ARM.Collect$$_printf_percent$$0000000C) for _printf_x
    inv_mpu.o(.text) refers to _printf_hex_int.o(.text) for _printf_longlong_hex
    inv_mpu.o(.text) refers to _printf_d.o(.ARM.Collect$$_printf_percent$$00000009) for _printf_d
    inv_mpu.o(.text) refers to _printf_dec.o(.text) for _printf_int_dec
    inv_mpu.o(.text) refers to mpu6050.o(.text) for MPU_Write_Len
    inv_mpu.o(.text) refers to noretval__2printf.o(.text) for __2printf
    inv_mpu.o(.text) refers to delay.o(.text) for delay_ms
    inv_mpu.o(.text) refers to inv_mpu.o(.data) for st
    inv_mpu.o(.text) refers to inv_mpu.o(.conststring) for .conststring
    inv_mpu.o(.text) refers to inv_mpu.o(.constdata) for test
    inv_mpu.o(.text) refers to llsdiv.o(.text) for __aeabi_ldivmod
    inv_mpu.o(.text) refers to memcmp.o(.text) for memcmp
    inv_mpu.o(.text) refers to inv_mpu_dmp_motion_driver.o(.text) for dmp_set_gyro_bias
    inv_mpu.o(.text) refers to myiic.o(.text) for IIC_Init
    inv_mpu.o(.text) refers to f2d.o(x$fpl$f2d) for __aeabi_f2d
    inv_mpu.o(.text) refers to asin.o(i.__hardfp_asin) for __hardfp_asin
    inv_mpu.o(.text) refers to dmul.o(x$fpl$dmul) for __aeabi_dmul
    inv_mpu.o(.text) refers to d2f.o(x$fpl$d2f) for __aeabi_d2f
    inv_mpu.o(.text) refers to atan2.o(i.__hardfp_atan2) for __hardfp_atan2
    inv_mpu.o(.data) refers to inv_mpu.o(.constdata) for reg
    inv_mpu_dmp_motion_driver.o(.text) refers to inv_mpu.o(.text) for mpu_load_firmware
    inv_mpu_dmp_motion_driver.o(.text) refers to inv_mpu_dmp_motion_driver.o(.constdata) for dmp_memory
    inv_mpu_dmp_motion_driver.o(.text) refers to inv_mpu_dmp_motion_driver.o(.bss) for dmp
    inv_mpu_dmp_motion_driver.o(.text) refers to aeabi_memset.o(.text) for __aeabi_memset
    pid.o(.text) refers to rt_memcpy_w.o(.text) for __aeabi_memcpy4
    pid.o(.text) refers to daddsub_clz.o(x$fpl$dsub) for __aeabi_dsub
    pid.o(.text) refers to daddsub_clz.o(x$fpl$dadd) for __aeabi_dadd
    pid.o(.text) refers to dmul.o(x$fpl$dmul) for __aeabi_dmul
    pwm.o(.text) refers to stm32f4xx_rcc.o(.text) for RCC_APB2PeriphClockCmd
    pwm.o(.text) refers to stm32f4xx_gpio.o(.text) for GPIO_PinAFConfig
    pwm.o(.text) refers to stm32f4xx_tim.o(.text) for TIM_TimeBaseInit
    ctrl.o(.text) refers to _printf_percent.o(.ARM.Collect$$_printf_percent$$00000000) for _printf_percent
    ctrl.o(.text) refers to _printf_f.o(.ARM.Collect$$_printf_percent$$00000003) for _printf_f
    ctrl.o(.text) refers to printf1.o(x$fpl$printf1) for _printf_fp_dec
[...]
    .data                                    0x2000008c   Section        6  usart.o(.data)
    .data                                    0x20000092   Section       16  stm32f4xx_rcc.o(.data)
    APBAHBPrescTable                         0x20000092   Data          16  stm32f4xx_rcc.o(.data)
    .bss                                     0x200000a8   Section       32  main.o(.bss)
    .bss                                     0x200000c8   Section       16  inv_mpu_dmp_motion_driver.o(.bss)
    dmp                                      0x200000c8   Data          16  inv_mpu_dmp_motion_driver.o(.bss)
    .bss                                     0x200000d8   Section      200  usart.o(.bss)
    .bss                                     0x200001a0   Section       96  libspace.o(.bss)
    HEAP                                     0x20000200   Section      512  startup_stm32f40_41xxx.o(HEAP)
    Heap_Mem                                 0x20000200   Data         512  startup_stm32f40_41xxx.o(HEAP)
    STACK                                    0x20000400   Section     1024  startup_stm32f40_41xxx.o(STACK)
    Stack_Mem                                0x20000400   Data        1024  startup_stm32f40_41xxx.o(STACK)
    __initial_sp                             0x20000800   Data           0  startup_stm32f40_41xxx.o(STACK)

    Global Symbols

    Symbol Name                              Value     Ov Type        Size  Object(Section)

    BuildAttributes$$THM_ISAv4$E$P$D$K$B$S$7EM$VFPi3$EXTD16$VFPS$VFMA$PE$A:L22UL41UL21$X:L11$S22US41US21$IEEE1$IW$USESV6$~STKCKD$USESV7$~SHL$OTIME$ROPI$IEEEX$EBA8$UX$STANDARDLIB$REQ8$PRES8$EABIv2 0x00000000   Number         0  anon$$obj.o ABSOLUTE
    __ARM_use_no_argv                        0x00000000   Number         0  main.o ABSOLUTE
    _printf_flags                            0x00000000   Number         0  printf_stubs.o ABSOLUTE
    _printf_return_value                     0x00000000   Number         0  printf_stubs.o ABSOLUTE
    _printf_sizespec                         0x00000000   Number         0  printf_stubs.o ABSOLUTE
    _printf_widthprec                        0x00000000   Number         0  printf_stubs.o ABSOLUTE
    __ARM_exceptions_init                     - Undefined Weak Reference
    __alloca_initialize                       - Undefined Weak Reference
    __cpp_initialize__aeabi_                  - Undefined Weak Reference
    __cxa_finalize                            - Undefined Weak Reference
    __sigvec_lookup                           - Undefined Weak Reference
    _atexit_init                              - Undefined Weak Reference
    _call_atexit_fns                          - Undefined Weak Reference
    _clock_init                               - Undefined Weak Reference
    _fp_trap_init                             - Undefined Weak Reference
    _fp_trap_shutdown                         - Undefined Weak Reference
    _get_lc_collate                           - Undefined Weak Reference
    _get_lc_ctype                             - Undefined Weak Reference
    _get_lc_monetary                          - Undefined Weak Reference
    _get_lc_time                              - Undefined Weak Reference
    _getenv_init                              - Undefined Weak Reference
    _handle_redirection                       - Undefined Weak Reference
    _init_alloc                               - Undefined Weak Reference
    _init_user_alloc                          - Undefined Weak Reference
    _initio                                   - Undefined Weak Reference
    _mutex_acquire                            - Undefined Weak Reference
    _mutex_release                            - Undefined Weak Reference
    _printf_truncate_signed                   - Undefined Weak Reference
    _printf_truncate_unsigned                 - Undefined Weak Reference
    _rand_init                                - Undefined Weak Reference
    _signal_finish                            - Undefined Weak Reference
    _signal_init                              - Undefined Weak Reference
    _terminate_alloc                          - Undefined Weak Reference
    _terminate_user_alloc                     - Undefined Weak Reference
    _terminateio                              - Undefined Weak Reference
    __Vectors_Size                           0x00000188   Number         0  startup_stm32f40_41xxx.o ABSOLUTE
    __Vectors                                0x08000000   Data           4  startup_stm32f40_41xxx.o(RESET)
    __Vectors_End                            0x08000188   Data           0  startup_stm32f40_41xxx.o(RESET)
    __main                                   0x08000189   Thumb Code     8  __main.o(!!!main)
    __scatterload                            0x08000191   Thumb Code     0  __scatter.o(!!!scatter)
    __scatterload_rt2                        0x08000191   Thumb Code    44  __scatter.o(!!!scatter)
    __scatterload_rt2_thumb_only             0x08000191   Thumb Code     0  __scatter.o(!!!scatter)
    __scatterload_null                       0x0800019f   Thumb Code     0  __scatter.o(!!!scatter)
    __scatterload_copy                       0x080001c5   Thumb Code    26  __scatter_copy.o(!!handler_copy)
    __scatterload_zeroinit                   0x080001e1   Thumb Code    28  __scatter_zi.o(!!handler_zi)
    _printf_f                                0x080001fd   Thumb Code     0  _printf_f.o(.ARM.Collect$$_printf_percent$$00000003)
    _printf_percent                          0x080001fd   Thumb Code     0  _printf_percent.o(.ARM.Collect$$_printf_percent$$00000000)
    _printf_d                                0x08000203   Thumb Code     0  _printf_d.o(.ARM.Collect$$_printf_percent$$00000009)
    _printf_x                                0x08000209   Thumb Code     0  _printf_x.o(.ARM.Collect$$_printf_percent$$0000000C)
    _printf_percent_end                      0x0800020f   Thumb Code     0  _printf_percent_end.o(.ARM.Collect$$_printf_percent$$00000017)
    __rt_lib_init                            0x08000213   Thumb Code     0  libinit.o(.ARM.Collect$$libinit$$00000000)
    __rt_lib_init_fp_1                       0x08000215   Thumb Code     0  libinit2.o(.ARM.Collect$$libinit$$00000001)
    __rt_lib_init_heap_1                     0x08000219   Thumb Code     0  libinit2.o(.ARM.Collect$$libinit$$00000008)
    __rt_lib_init_lc_common                  0x08000219   Thumb Code     0  libinit2.o(.ARM.Collect$$libinit$$0000000D)
    __rt_lib_init_rand_1                     0x08000219   Thumb Code     0  libinit2.o(.ARM.Collect$$libinit$$0000000C)
    __rt_lib_init_user_alloc_1               0x08000219   Thumb Code     0  libinit2.o(.ARM.Collect$$libinit$$0000000A)
    __rt_lib_init_lc_collate_1               0x0800021f   Thumb Code     0  libinit2.o(.ARM.Collect$$libinit$$0000000F)
    __rt_lib_init_lc_ctype_1                 0x0800021f   Thumb Code     0  libinit2.o(.ARM.Collect$$libinit$$00000011)
    __rt_lib_init_lc_monetary_1              0x0800021f   Thumb Code     0  libinit2.o(.ARM.Collect$$libinit$$00000013)
    __rt_lib_init_lc_numeric_2               0x0800021f   Thumb Code     0  libinit2.o(.ARM.Collect$$libinit$$00000014)
    __rt_lib_init_alloca_1                   0x08000229   Thumb Code     0  libinit2.o(.ARM.Collect$$libinit$$0000002C)
    __rt_lib_init_argv_1                     0x08000229   Thumb Code     0  libinit2.o(.ARM.Collect$$libinit$$0000002A)
    __rt_lib_init_atexit_1                   0x08000229   Thumb Code     0  libinit2.o(.ARM.Collect$$libinit$$00000019)
    __rt_lib_init_clock_1                    0x08000229   Thumb Code     0  libinit2.o(.ARM.Collect$$libinit$$0000001F)
    __rt_lib_init_cpp_1                      0x08000229   Thumb Code     0  libinit2.o(.ARM.Collect$$libinit$$00000030)
    __rt_lib_init_exceptions_1               0x08000229   Thumb Code     0  libinit2.o(.ARM.Collect$$libinit$$0000002E)
    __rt_lib_init_fp_trap_1                  0x08000229   Thumb Code     0  libinit2.o(.ARM.Collect$$libinit$$0000001D)
    __rt_lib_init_getenv_1                   0x08000229   Thumb Code     0  libinit2.o(.ARM.Collect$$libinit$$00000021)
    __rt_lib_init_lc_numeric_1               0x08000229   Thumb Code     0  libinit2.o(.ARM.Collect$$libinit$$00000015)
    __rt_lib_init_lc_time_1                  0x08000229   Thumb Code     0  libinit2.o(.ARM.Collect$$libinit$$00000017)
    __rt_lib_init_return                     0x08000229   Thumb Code     0  libinit2.o(.ARM.Collect$$libinit$$00000031)
    __rt_lib_init_signal_1                   0x08000229   Thumb Code     0  libinit2.o(.ARM.Collect$$libinit$$0000001B)
    __rt_lib_init_stdio_1                    0x08000229   Thumb Code     0  libinit2.o(.ARM.Collect$$libinit$$00000023)
    __rt_lib_shutdown                        0x0800022b   Thumb Code     0  libshutdown.o(.ARM.Collect$$libshutdown$$00000000)
    __rt_lib_shutdown_fp_trap_1              0x0800022d   Thumb Code     0  libshutdown2.o(.ARM.Collect$$libshutdown$$00000006)
    __rt_lib_shutdown_heap_1                 0x0800022d   Thumb Code     0  libshutdown2.o(.ARM.Collect$$libshutdown$$0000000E)
    __rt_lib_shutdown_return                 0x0800022d   Thumb Code     0  libshutdown2.o(.ARM.Collect$$libshutdown$$0000000F)
    __rt_lib_shutdown_signal_1               0x0800022d   Thumb Code     0  libshutdown2.o(.ARM.Collect$$libshutdown$$00000009)
    __rt_lib_shutdown_stdio_1                0x0800022d   Thumb Code     0  libshutdown2.o(.ARM.Collect$$libshutdown$$00000003)
    __rt_lib_shutdown_user_alloc_1           0x0800022d   Thumb Code     0  libshutdown2.o(.ARM.Collect$$libshutdown$$0000000B)
    __rt_entry                               0x0800022f   Thumb Code     0  rtentry.o(.ARM.Collect$$rtentry$$00000000)
    __rt_entry_presh_1                       0x0800022f   Thumb Code     0  rtentry2.o(.ARM.Collect$$rtentry$$00000002)
    __rt_entry_sh                            0x0800022f   Thumb Code     0  rtentry4.o(.ARM.Collect$$rtentry$$00000004)
    __rt_entry_li                            0x08000235   Thumb Code     0  rtentry2.o(.ARM.Collect$$rtentry$$0000000A)
    __rt_entry_postsh_1                      0x08000235   Thumb Code     0  rtentry2.o(.ARM.Collect$$rtentry$$00000009)
    __rt_entry_main                          0x08000239   Thumb Code     0  rtentry2.o(.ARM.Collect$$rtentry$$0000000D)
    __rt_entry_postli_1                      0x08000239   Thumb Code     0  rtentry2.o(.ARM.Collect$$rtentry$$0000000C)
    __rt_exit                                0x08000241   Thumb Code     0  rtexit.o(.ARM.Collect$$rtexit$$00000000)
    __rt_exit_ls                             0x08000243   Thumb Code     0  rtexit2.o(.ARM.Collect$$rtexit$$00000003)
    __rt_exit_prels_1                        0x08000243   Thumb Code     0  rtexit2.o(.ARM.Collect$$rtexit$$00000002)
    __rt_exit_exit                           0x08000247   Thumb Code     0  rtexit2.o(.ARM.Collect$$rtexit$$00000004)
    main                                     0x0800024d   Thumb Code   194  main.o(.text)
    NMI_Handler                              0x08000331   Thumb Code     2  stm32f4xx_it.o(.text)
    HardFault_Handler                        0x08000333   Thumb Code     4  stm32f4xx_it.o(.text)
    MemManage_Handler                        0x08000337   Thumb Code     4  stm32f4xx_it.o(.text)
    BusFault_Handler                         0x0800033b   Thumb Code     4  stm32f4xx_it.o(.text)
    UsageFault_Handler                       0x0800033f   Thumb Code     4  stm32f4xx_it.o(.text)
    SVC_Handler                              0x08000343   Thumb Code     2  stm32f4xx_it.o(.text)
    DebugMon_Handler                         0x08000345   Thumb Code     2  stm32f4xx_it.o(.text)
    PendSV_Handler                           0x08000347   Thumb Code     2  stm32f4xx_it.o(.text)
    SysTick_Handler                          0x08000349   Thumb Code     2  stm32f4xx_it.o(.text)
    SystemInit                               0x08000429   Thumb Code    88  system_stm32f4xx.o(.text)
    SystemCoreClockUpdate                    0x08000481   Thumb Code   174  system_stm32f4xx.o(.text)
    LED_Init                                 0x0800055d   Thumb Code   166  led.o(.text)
    TIM3_Int_Init                            0x08000611   Thumb Code    88  timer.o(.text)
    TIM3_IRQHandler                          0x08000669   Thumb Code    82  timer.o(.text)
    IIC_Init                                 0x080006cd   Thumb Code    62  myiic.o(.text)
    IIC_Start                                0x0800070b   Thumb Code    68  myiic.o(.text)
    IIC_Stop                                 0x0800074f   Thumb Code    62  myiic.o(.text)
    IIC_Wait_Ack                             0x0800078d   Thumb Code    82  myiic.o(.text)
    IIC_Ack                                  0x080007df   Thumb Code    66  myiic.o(.text)
    IIC_NAck                                 0x08000821   Thumb Code    66  myiic.o(.text)
    IIC_Send_Byte                            0x08000863   Thumb Code    90  myiic.o(.text)
    IIC_Read_Byte                            0x080008bd   Thumb Code    94  myiic.o(.text)
    kal                                      0x08000929   Thumb Code   102  kal.o(.text)
    MPU_Write_Byte                           0x08000999   Thumb Code    68  mpu6050.o(.text)
    MPU_Set_LPF                              0x080009dd   Thumb Code    58  mpu6050.o(.text)
    MPU_Set_Rate                             0x08000a17   Thumb Code    58  mpu6050.o(.text)
    MPU_Read_Byte                            0x08000a51   Thumb Code    58  mpu6050.o(.text)
    MPU_Set_Accel_Fsr                        0x08000a8b   Thumb Code    16  mpu6050.o(.text)
    MPU_Set_Gyro_Fsr                         0x08000a9b   Thumb Code    16  mpu6050.o(.text)
    MPU_Init                                 0x08000aab   Thumb Code   122  mpu6050.o(.text)
    MPU_Read_Len                             0x08000b25   Thumb Code   116  mpu6050.o(.text)
    MPU_Get_Temperature                      0x08000b99   Thumb Code   110  mpu6050.o(.text)
    MPU_Get_Gyroscope                        0x08000c07   Thumb Code    80  mpu6050.o(.text)
    MPU_Get_Accelerometer                    0x08000c57   Thumb Code    80  mpu6050.o(.text)
    MPU_Write_Len                            0x08000ca7   Thumb Code    96  mpu6050.o(.text)
    mpu_reg_dump                             0x08000da7   Thumb Code    84  inv_mpu.o(.text)
    mpu_read_reg                             0x08000dfb   Thumb Code    66  inv_mpu.o(.text)
    mpu_set_int_latched                      0x08000e3d   Thumb Code   102  inv_mpu.o(.text)
    mpu_set_sensors                          0x08000ea3   Thumb Code   202  inv_mpu.o(.text)
    mpu_set_bypass                           0x08000f6d   Thumb Code   328  inv_mpu.o(.text)
    mpu_reset_fifo                           0x080010b5   Thumb Code   472  inv_mpu.o(.text)
    mpu_configure_fifo                       0x0800128d   Thumb Code   106  inv_mpu.o(.text)
    mpu_set_lpf                              0x080012f7   Thumb Code   126  inv_mpu.o(.text)
    mpu_lp_accel_mode                        0x08001375   Thumb Code   218  inv_mpu.o(.text)
    mpu_set_sample_rate                      0x0800144f   Thumb Code   152  inv_mpu.o(.text)
    mpu_set_accel_fsr                        0x080014e7   Thumb Code   132  inv_mpu.o(.text)
    mpu_set_gyro_fsr                         0x0800156b   Thumb Code   132  inv_mpu.o(.text)
    mpu_init                                 0x080015ef   Thumb Code   416  inv_mpu.o(.text)
    mget_ms                                  0x0800178f   Thumb Code     2  inv_mpu.o(.text)
    mpu_get_gyro_reg                         0x08001791   Thumb Code   110  inv_mpu.o(.text)
    mpu_get_accel_reg                        0x080017ff   Thumb Code   110  inv_mpu.o(.text)
    mpu_get_temperature                      0x0800186d   Thumb Code   142  inv_mpu.o(.text)
    mpu_set_accel_bias                       0x080018fb   Thumb Code   472  inv_mpu.o(.text)
    mpu_get_gyro_fsr                         0x08001ad3   Thumb Code    64  inv_mpu.o(.text)
    mpu_get_accel_fsr                        0x08001b13   Thumb Code    72  inv_mpu.o(.text)
    mpu_get_lpf                              0x08001b5b   Thumb Code    74  inv_mpu.o(.text)
    mpu_get_sample_rate                      0x08001ba5   Thumb Code    26  inv_mpu.o(.text)
    mpu_get_compass_sample_rate              0x08001bbf   Thumb Code    10  inv_mpu.o(.text)
    mpu_set_compass_sample_rate              0x08001bc9   Thumb Code     8  inv_mpu.o(.text)
    mpu_get_gyro_sens                        0x08001bd1   Thumb Code    74  inv_mpu.o(.text)
    mpu_get_accel_sens                       0x08001c1b   Thumb Code    78  inv_mpu.o(.text)
    mpu_get_fifo_config                      0x08001c69   Thumb Code    12  inv_mpu.o(.text)
    mpu_get_power_state                      0x08001c75   Thumb Code    22  inv_mpu.o(.text)
    mpu_get_int_status                       0x08001c8b   Thumb Code    64  inv_mpu.o(.text)
    mpu_read_fifo                            0x08001ccb   Thumb Code   520  inv_mpu.o(.text)
    mpu_read_fifo_stream                     0x08001ed3   Thumb Code   186  inv_mpu.o(.text)
    mpu_set_int_level                        0x08001f8d   Thumb Code    12  inv_mpu.o(.text)
    mpu_set_dmp_state                        0x0800269d   Thumb Code   138  inv_mpu.o(.text)
    mpu_run_self_test                        0x08002727   Thumb Code   278  inv_mpu.o(.text)
    mpu_write_mem                            0x0800283d   Thumb Code   122  inv_mpu.o(.text)
    mpu_read_mem                             0x080028b7   Thumb Code   122  inv_mpu.o(.text)
    mpu_load_firmware                        0x08002931   Thumb Code   190  inv_mpu.o(.text)
    mpu_get_dmp_state                        0x080029ef   Thumb Code    14  inv_mpu.o(.text)
    setup_compass                            0x080029fd   Thumb Code     6  inv_mpu.o(.text)
    mpu_get_compass_reg                      0x08002a03   Thumb Code     8  inv_mpu.o(.text)
    mpu_get_compass_fsr                      0x08002a0b   Thumb Code     8  inv_mpu.o(.text)
    mpu_lp_motion_interrupt                  0x08002a13   Thumb Code   512  inv_mpu.o(.text)
    run_self_test                            0x08002c13   Thumb Code   154  inv_mpu.o(.text)
    inv_row_2_scale                          0x08002cad   Thumb Code    78  inv_mpu.o(.text)
    inv_orientation_matrix_to_scalar         0x08002cfb   Thumb Code    40  inv_mpu.o(.text)
    mpu_dmp_init                             0x08002d23   Thumb Code   160  inv_mpu.o(.text)
    mpu_dmp_get_data                         0x08002dc3   Thumb Code   520  inv_mpu.o(.text)
    dmp_load_motion_driver_firmware          0x08002fdd   Thumb Code    20  inv_mpu_dmp_motion_driver.o(.text)
    dmp_set_orientation                      0x08002ff1   Thumb Code   290  inv_mpu_dmp_motion_driver.o(.text)
    dmp_set_gyro_bias                        0x08003113   Thumb Code   294  inv_mpu_dmp_motion_driver.o(.text)
    dmp_set_accel_bias                       0x08003239   Thumb Code   300  inv_mpu_dmp_motion_driver.o(.text)
    dmp_set_fifo_rate                        0x08003365   Thumb Code   136  inv_mpu_dmp_motion_driver.o(.text)
    dmp_get_fifo_rate                        0x080033ed   Thumb Code    12  inv_mpu_dmp_motion_driver.o(.text)
    dmp_set_tap_thresh                       0x080033f9   Thumb Code   412  inv_mpu_dmp_motion_driver.o(.text)
    dmp_set_tap_axes                         0x08003595   Thumb Code    70  inv_mpu_dmp_motion_driver.o(.text)
    dmp_set_tap_count                        0x080035db   Thumb Code    38  inv_mpu_dmp_motion_driver.o(.text)
    dmp_set_tap_time                         0x08003601   Thumb Code    38  inv_mpu_dmp_motion_driver.o(.text)
    dmp_set_tap_time_multi                   0x08003627   Thumb Code    38  inv_mpu_dmp_motion_driver.o(.text)
    dmp_set_shake_reject_thresh              0x0800364d   Thumb Code    56  inv_mpu_dmp_motion_driver.o(.text)
    dmp_set_shake_reject_time                0x08003685   Thumb Code    38  inv_mpu_dmp_motion_driver.o(.text)
    dmp_set_shake_reject_timeout             0x080036ab   Thumb Code    38  inv_mpu_dmp_motion_driver.o(.text)
    dmp_get_pedometer_step_count             0x080036d1   Thumb Code    66  inv_mpu_dmp_motion_driver.o(.text)
    dmp_set_pedometer_step_count             0x08003713   Thumb Code    42  inv_mpu_dmp_motion_driver.o(.text)
    dmp_get_pedometer_walk_time              0x0800373d   Thumb Code    72  inv_mpu_dmp_motion_driver.o(.text)
    dmp_set_pedometer_walk_time              0x08003785   Thumb Code    48  inv_mpu_dmp_motion_driver.o(.text)
    dmp_enable_6x_lp_quat                    0x080037b5   Thumb Code   100  inv_mpu_dmp_motion_driver.o(.text)
    dmp_enable_lp_quat                       0x08003819   Thumb Code    60  inv_mpu_dmp_motion_driver.o(.text)
    dmp_enable_gyro_cal                      0x08003855   Thumb Code    62  inv_mpu_dmp_motion_driver.o(.text)
    dmp_enable_feature                       0x08003893   Thumb Code   530  inv_mpu_dmp_motion_driver.o(.text)
    dmp_get_enabled_features                 0x08003aa5   Thumb Code    12  inv_mpu_dmp_motion_driver.o(.text)
    dmp_set_interrupt_mode                   0x08003b0f   Thumb Code    66  inv_mpu_dmp_motion_driver.o(.text)
    dmp_read_fifo                            0x08003b51   Thumb Code   514  inv_mpu_dmp_motion_driver.o(.text)
    dmp_register_tap_cb                      0x08003d53   Thumb Code    10  inv_mpu_dmp_motion_driver.o(.text)
    dmp_register_android_orient_cb           0x08003d5d   Thumb Code    10  inv_mpu_dmp_motion_driver.o(.text)
    pid_set1                                 0x08003d6d   Thumb Code    96  pid.o(.text)
    pid_cal1                                 0x08003dcd   Thumb Code   320  pid.o(.text)
    pid_set2                                 0x08003f0d   Thumb Code    88  pid.o(.text)
    pid_cal2                                 0x08003f65   Thumb Code   228  pid.o(.text)
    TIM11_PWM_Init                           0x08004051   Thumb Code   150  pwm.o(.text)
    TIM10_PWM_Init                           0x080040e7   Thumb Code   150  pwm.o(.text)
    TIM9_PWM_Inita                           0x0800417d   Thumb Code   152  pwm.o(.text)
    TIM9_PWM_Initb                           0x08004215   Thumb Code   152  pwm.o(.text)
    pwm_out                                  0x080042ad   Thumb Code    44  pwm.o(.text)
    ctrl1                                    0x080042ed   Thumb Code  1574  ctrl.o(.text)
    set_point                                0x08004913   Thumb Code    70  ctrl.o(.text)
    EXTI2_IRQHandler                         0x08004969   Thumb Code   174  exti.o(.text)
    EXTI3_IRQHandler                         0x08004a17   Thumb Code    48  exti.o(.text)
    EXTIX_Init                               0x08004a47   Thumb Code   222  exti.o(.text)
    limit                                    0x08004b39   Thumb Code   100  mymath.o(.text)
    delay_init                               0x08004b9d   Thumb Code    52  delay.o(.text)
    delay_us                                 0x08004bd1   Thumb Code    72  delay.o(.text)
    delay_xms                                0x08004c19   Thumb Code    72  delay.o(.text)
    delay_ms                                 0x08004c61   Thumb Code    56  delay.o(.text)
    _sys_exit                                0x08004ca1   Thumb Code     6  usart.o(.text)
    fputc                                    0x08004ca7   Thumb Code    22  usart.o(.text)
    uart_init                                0x08004cbd   Thumb Code   172  usart.o(.text)
    USART1_IRQHandler                        0x08004d69   Thumb Code   122  usart.o(.text)
    Reset_Handler                            0x08004df5   Thumb Code     8  startup_stm32f40_41xxx.o(.text)
    ADC_IRQHandler                           0x08004e0f   Thumb Code     0  startup_stm32f40_41xxx.o(.text)
    CAN1_RX0_IRQHandler                      0x08004e0f   Thumb Code     0  startup_stm32f40_41xxx.o(.text)
    CAN1_RX1_IRQHandler                      0x08004e0f   Thumb Code     0  startup_stm32f40_41xxx.o(.text)
    CAN1_SCE_IRQHandler                      0x08004e0f   Thumb Code     0  startup_stm32f40_41xxx.o(.text)
    CAN1_TX_IRQHandler                       0x08004e0f   Thumb Code     0  startup_stm32f40_41xxx.o(.text)
    CAN2_RX0_IRQHandler                      0x08004e0f   Thumb Code     0  startup_stm32f40_41xxx.o(.text)
    CAN2_RX1_IRQHandler                      0x08004e0f   Thumb Code     0  startup_stm32f40_41xxx.o(.text)
    CAN2_SCE_IRQHandler                      0x08004e0f   Thumb Code     0  startup_stm32f40_41xxx.o(.text)
    CAN2_TX_IRQHandler                       0x08004e0f   Thumb Code     0  startup_stm32f40_41xxx.o(.text)
    CRYP_IRQHandler                          0x08004e0f   Thumb Code     0  startup_stm32f40_41xxx.o(.text)
    DCMI_IRQHandler                          0x08004e0f   Thumb Code     0  startup_stm32f40_41xxx.o(.text)
    DMA1_Stream0_IRQHandler                  0x08004e0f   Thumb Code     0  startup_stm32f40_41xxx.o(.text)
    DMA1_Stream1_IRQHandler                  0x08004e0f   Thumb Code     0  startup_stm32f40_41xxx.o(.text)
    DMA1_Stream2_IRQHandler                  0x08004e0f   Thumb Code     0  startup_stm32f40_41xxx.o(.text)
    DMA1_Stream3_IRQHandler                  0x08004e0f   Thumb Code     0  startup_stm32f40_41xxx.o(.text)
    DMA1_Stream4_IRQHandler                  0x08004e0f   Thumb Code     0  startup_stm32f40_41xxx.o(.text)
    DMA1_Stream5_IRQHandler                  0x08004e0f   Thumb Code     0  startup_stm32f40_41xxx.o(.text)
    DMA1_Stream6_IRQHandler                  0x08004e0f   Thumb Code     0  startup_stm32f40_41xxx.o(.text)
    DMA1_Stream7_IRQHandler                  0x08004e0f   Thumb Code     0  startup_stm32f40_41xxx.o(.text)
    DMA2_Stream0_IRQHandler                  0x08004e0f   Thumb Code     0  startup_stm32f40_41xxx.o(.text)
    DMA2_Stream1_IRQHandler                  0x08004e0f   Thumb Code     0  startup_stm32f40_41xxx.o(.text)
    DMA2_Stream2_IRQHandler                  0x08004e0f   Thumb Code     0  startup_stm32f40_41xxx.o(.text)
    DMA2_Stream3_IRQHandler                  0x08004e0f   Thumb Code     0  startup_stm32f40_41xxx.o(.text)
    DMA2_Stream4_IRQHandler                  0x08004e0f   Thumb Code     0  startup_stm32f40_41xxx.o(.text)
    DMA2_Stream5_IRQHandler                  0x08004e0f   Thumb Code     0  startup_stm32f40_41xxx.o(.text)
    DMA2_Stream6_IRQHandler                  0x08004e0f   Thumb Code     0  startup_stm32f40_41xxx.o(.text)
    DMA2_Stream7_IRQHandler                  0x08004e0f   Thumb Code     0  startup_stm32f40_41xxx.o(.text)
    ETH_IRQHandler                           0x08004e0f   Thumb Code     0  startup_stm32f40_41xxx.o(.text)
    ETH_WKUP_IRQHandler                      0x08004e0f   Thumb Code     0  startup_stm32f40_41xxx.o(.text)
    EXTI0_IRQHandler                         0x08004e0f   Thumb Code     0  startup_stm32f40_41xxx.o(.text)
    EXTI15_10_IRQHandler                     0x08004e0f   Thumb Code     0  startup_stm32f40_41xxx.o(.text)
    EXTI1_IRQHandler                         0x08004e0f   Thumb Code     0  startup_stm32f40_41xxx.o(.text)
    EXTI4_IRQHandler                         0x08004e0f   Thumb Code     0  startup_stm32f40_41xxx.o(.text)
    EXTI9_5_IRQHandler                       0x08004e0f   Thumb Code     0  startup_stm32f40_41xxx.o(.text)
    FLASH_IRQHandler                         0x08004e0f   Thumb Code     0  startup_stm32f40_41xxx.o(.text)
    FPU_IRQHandler                           0x08004e0f   Thumb Code     0  startup_stm32f40_41xxx.o(.text)
    FSMC_IRQHandler                          0x08004e0f   Thumb Code     0  startup_stm32f40_41xxx.o(.text)
    HASH_RNG_IRQHandler                      0x08004e0f   Thumb Code     0  startup_stm32f40_41xxx.o(.text)
    I2C1_ER_IRQHandler                       0x08004e0f   Thumb Code     0  startup_stm32f40_41xxx.o(.text)
    I2C1_EV_IRQHandler                       0x08004e0f   Thumb Code     0  startup_stm32f40_41xxx.o(.text)
    I2C2_ER_IRQHandler                       0x08004e0f   Thumb Code     0  startup_stm32f40_41xxx.o(.text)
    I2C2_EV_IRQHandler                       0x08004e0f   Thumb Code     0  startup_stm32f40_41xxx.o(.text)
    I2C3_ER_IRQHandler                       0x08004e0f   Thumb Code     0  startup_stm32f40_41xxx.o(.text)
    I2C3_EV_IRQHandler                       0x08004e0f   Thumb Code     0  startup_stm32f40_41xxx.o(.text)
    OTG_FS_IRQHandler                        0x08004e0f   Thumb Code     0  startup_stm32f40_41xxx.o(.text)
    OTG_FS_WKUP_IRQHandler                   0x08004e0f   Thumb Code     0  startup_stm32f40_41xxx.o(.text)
    OTG_HS_EP1_IN_IRQHandler                 0x08004e0f   Thumb Code     0  startup_stm32f40_41xxx.o(.text)
    OTG_HS_EP1_OUT_IRQHandler                0x08004e0f   Thumb Code     0  startup_stm32f40_41xxx.o(.text)
    OTG_HS_IRQHandler                        0x08004e0f   Thumb Code     0  startup_stm32f40_41xxx.o(.text)
    OTG_HS_WKUP_IRQHandler                   0x08004e0f   Thumb Code     0  startup_stm32f40_41xxx.o(.text)
    PVD_IRQHandler                           0x08004e0f   Thumb Code     0  startup_stm32f40_41xxx.o(.text)
    RCC_IRQHandler                           0x08004e0f   Thumb Code     0  startup_stm32f40_41xxx.o(.text)
    RTC_Alarm_IRQHandler                     0x08004e0f   Thumb Code     0  startup_stm32f40_41xxx.o(.text)
    RTC_WKUP_IRQHandler                      0x08004e0f   Thumb Code     0  startup_stm32f40_41xxx.o(.text)
    SDIO_IRQHandler                          0x08004e0f   Thumb Code     0  startup_stm32f40_41xxx.o(.text)
    SPI1_IRQHandler                          0x08004e0f   Thumb Code     0  startup_stm32f40_41xxx.o(.text)
    SPI2_IRQHandler                          0x08004e0f   Thumb Code     0  startup_stm32f40_41xxx.o(.text)
    SPI3_IRQHandler                          0x08004e0f   Thumb Code     0  startup_stm32f40_41xxx.o(.text)
    TAMP_STAMP_IRQHandler                    0x08004e0f   Thumb Code     0  startup_stm32f40_41xxx.o(.text)
    TIM1_BRK_TIM9_IRQHandler                 0x08004e0f   Thumb Code     0  startup_stm32f40_41xxx.o(.text)
    TIM1_CC_IRQHandler                       0x08004e0f   Thumb Code     0  startup_stm32f40_41xxx.o(.text)
    TIM1_TRG_COM_TIM11_IRQHandler            0x08004e0f   Thumb Code     0  startup_stm32f40_41xxx.o(.text)
    TIM1_UP_TIM10_IRQHandler                 0x08004e0f   Thumb Code     0  startup_stm32f40_41xxx.o(.text)
    TIM2_IRQHandler                          0x08004e0f   Thumb Code     0  startup_stm32f40_41xxx.o(.text)
    TIM4_IRQHandler                          0x08004e0f   Thumb Code     0  startup_stm32f40_41xxx.o(.text)
    TIM5_IRQHandler                          0x08004e0f   Thumb Code     0  startup_stm32f40_41xxx.o(.text)
    TIM6_DAC_IRQHandler                      0x08004e0f   Thumb Code     0  startup_stm32f40_41xxx.o(.text)
    TIM7_IRQHandler                          0x08004e0f   Thumb Code     0  startup_stm32f40_41xxx.o(.text)
    TIM8_BRK_TIM12_IRQHandler                0x08004e0f   Thumb Code     0  startup_stm32f40_41xxx.o(.text)
    TIM8_CC_IRQHandler                       0x08004e0f   Thumb Code     0  startup_stm32f40_41xxx.o(.text)
    TIM8_TRG_COM_TIM14_IRQHandler            0x08004e0f   Thumb Code     0  startup_stm32f40_41xxx.o(.text)
    TIM8_UP_TIM13_IRQHandler                 0x08004e0f   Thumb Code     0  startup_stm32f40_41xxx.o(.text)
    UART4_IRQHandler                         0x08004e0f   Thumb Code     0  startup_stm32f40_41xxx.o(.text)
    UART5_IRQHandler                         0x08004e0f   Thumb Code     0  startup_stm32f40_41xxx.o(.text)
    USART2_IRQHandler                        0x08004e0f   Thumb Code     0  startup_stm32f40_41xxx.o(.text)
    USART3_IRQHandler                        0x08004e0f   Thumb Code     0  startup_stm32f40_41xxx.o(.text)
    USART6_IRQHandler                        0x08004e0f   Thumb Code     0  startup_stm32f40_41xxx.o(.text)
    WWDG_IRQHandler                          0x08004e0f   Thumb Code     0  startup_stm32f40_41xxx.o(.text)
    __user_initial_stackheap                 0x08004e11   Thumb Code     0  startup_stm32f40_41xxx.o(.text)
    NVIC_PriorityGroupConfig                 0x08004e35   Thumb Code    10  misc.o(.text)
    NVIC_Init                                0x08004e3f   Thumb Code   106  misc.o(.text)
    NVIC_SetVectorTable                      0x08004ea9   Thumb Code    14  misc.o(.text)
    NVIC_SystemLPConfig                      0x08004eb7   Thumb Code    34  misc.o(.text)
    SysTick_CLKSourceConfig                  0x08004ed9   Thumb Code    40  misc.o(.text)
    GPIO_DeInit                              0x08004f15   Thumb Code   268  stm32f4xx_gpio.o(.text)
    GPIO_Init                                0x08005021   Thumb Code   144  stm32f4xx_gpio.o(.text)
    GPIO_StructInit                          0x080050b1   Thumb Code    18  stm32f4xx_gpio.o(.text)
    GPIO_PinLockConfig                       0x080050c3   Thumb Code    34  stm32f4xx_gpio.o(.text)
    GPIO_ReadInputDataBit                    0x080050e5   Thumb Code    18  stm32f4xx_gpio.o(.text)
    GPIO_ReadInputData                       0x080050f7   Thumb Code     8  stm32f4xx_gpio.o(.text)
    GPIO_ReadOutputDataBit                   0x080050ff   Thumb Code    18  stm32f4xx_gpio.o(.text)
    GPIO_ReadOutputData                      0x08005111   Thumb Code     8  stm32f4xx_gpio.o(.text)
    GPIO_SetBits                             0x08005119   Thumb Code     4  stm32f4xx_gpio.o(.text)
    GPIO_ResetBits                           0x0800511d   Thumb Code     4  stm32f4xx_gpio.o(.text)
    GPIO_WriteBit                            0x08005121   Thumb Code    10  stm32f4xx_gpio.o(.text)
    GPIO_Write                               0x0800512b   Thumb Code     4  stm32f4xx_gpio.o(.text)
    GPIO_ToggleBits                          0x0800512f   Thumb Code     8  stm32f4xx_gpio.o(.text)
    GPIO_PinAFConfig                         0x08005137   Thumb Code    70  stm32f4xx_gpio.o(.text)
    RCC_DeInit                               0x080051a9   Thumb Code    82  stm32f4xx_rcc.o(.text)
    RCC_HSEConfig                            0x080051fb   Thumb Code    14  stm32f4xx_rcc.o(.text)
    RCC_GetFlagStatus                        0x08005209   Thumb Code    60  stm32f4xx_rcc.o(.text)
    RCC_WaitForHSEStartUp                    0x08005245   Thumb Code    56  stm32f4xx_rcc.o(.text)
    RCC_AdjustHSICalibrationValue            0x0800527d   Thumb Code    20  stm32f4xx_rcc.o(.text)
    RCC_HSICmd                               0x08005291   Thumb Code     6  stm32f4xx_rcc.o(.text)
    RCC_LSEConfig                            0x08005297   Thumb Code    46  stm32f4xx_rcc.o(.text)
    RCC_LSICmd                               0x080052c5   Thumb Code     6  stm32f4xx_rcc.o(.text)
    RCC_PLLConfig                            0x080052cb   Thumb Code    32  stm32f4xx_rcc.o(.text)
    RCC_PLLCmd                               0x080052eb   Thumb Code     6  stm32f4xx_rcc.o(.text)
    RCC_PLLI2SConfig                         0x080052f1   Thumb Code    14  stm32f4xx_rcc.o(.text)
    RCC_PLLI2SCmd                            0x080052ff   Thumb Code     6  stm32f4xx_rcc.o(.text)
    RCC_PLLSAIConfig                         0x08005305   Thumb Code    20  stm32f4xx_rcc.o(.text)
    RCC_PLLSAICmd                            0x08005319   Thumb Code     6  stm32f4xx_rcc.o(.text)
    RCC_ClockSecuritySystemCmd               0x0800531f   Thumb Code     6  stm32f4xx_rcc.o(.text)
    RCC_MCO1Config                           0x08005325   Thumb Code    28  stm32f4xx_rcc.o(.text)
    RCC_MCO2Config                           0x08005341   Thumb Code    28  stm32f4xx_rcc.o(.text)
    RCC_SYSCLKConfig                         0x0800535d   Thumb Code    20  stm32f4xx_rcc.o(.text)
    RCC_GetSYSCLKSource                      0x08005371   Thumb Code    12  stm32f4xx_rcc.o(.text)
    RCC_HCLKConfig                           0x0800537d   Thumb Code    20  stm32f4xx_rcc.o(.text)
    RCC_PCLK1Config                          0x08005391   Thumb Code    20  stm32f4xx_rcc.o(.text)
    RCC_PCLK2Config                          0x080053a5   Thumb Code    22  stm32f4xx_rcc.o(.text)
    RCC_GetClocksFreq                        0x080053bb   Thumb Code   222  stm32f4xx_rcc.o(.text)
    RCC_RTCCLKConfig                         0x08005499   Thumb Code    54  stm32f4xx_rcc.o(.text)
    RCC_RTCCLKCmd                            0x080054cf   Thumb Code     8  stm32f4xx_rcc.o(.text)
    RCC_BackupResetCmd                       0x080054d7   Thumb Code     8  stm32f4xx_rcc.o(.text)
    RCC_I2SCLKConfig                         0x080054df   Thumb Code     6  stm32f4xx_rcc.o(.text)
    RCC_SAIPLLI2SClkDivConfig                0x080054e5   Thumb Code    26  stm32f4xx_rcc.o(.text)
    RCC_SAIPLLSAIClkDivConfig                0x080054ff   Thumb Code    28  stm32f4xx_rcc.o(.text)
    RCC_SAIBlockACLKConfig                   0x0800551b   Thumb Code    20  stm32f4xx_rcc.o(.text)
    RCC_SAIBlockBCLKConfig                   0x0800552f   Thumb Code    20  stm32f4xx_rcc.o(.text)
    RCC_LTDCCLKDivConfig                     0x08005543   Thumb Code    20  stm32f4xx_rcc.o(.text)
    RCC_TIMCLKPresConfig                     0x08005557   Thumb Code     6  stm32f4xx_rcc.o(.text)
    RCC_AHB1PeriphClockCmd                   0x0800555d   Thumb Code    34  stm32f4xx_rcc.o(.text)
    RCC_AHB2PeriphClockCmd                   0x0800557f   Thumb Code    78  stm32f4xx_rcc.o(.text)
    RCC_AHB3PeriphClockCmd                   0x080055cd   Thumb Code    34  stm32f4xx_rcc.o(.text)
    RCC_APB1PeriphClockCmd                   0x080055ef   Thumb Code    34  stm32f4xx_rcc.o(.text)
    RCC_APB2PeriphClockCmd                   0x08005611   Thumb Code    34  stm32f4xx_rcc.o(.text)
    RCC_AHB1PeriphResetCmd                   0x08005633   Thumb Code    34  stm32f4xx_rcc.o(.text)
    RCC_AHB2PeriphResetCmd                   0x08005655   Thumb Code    34  stm32f4xx_rcc.o(.text)
    RCC_AHB3PeriphResetCmd                   0x08005677   Thumb Code    34  stm32f4xx_rcc.o(.text)
    RCC_APB1PeriphResetCmd                   0x08005699   Thumb Code    34  stm32f4xx_rcc.o(.text)
    RCC_APB2PeriphResetCmd                   0x080056bb   Thumb Code    34  stm32f4xx_rcc.o(.text)
    RCC_AHB1PeriphClockLPModeCmd             0x080056dd   Thumb Code    34  stm32f4xx_rcc.o(.text)
    RCC_AHB2PeriphClockLPModeCmd             0x080056ff   Thumb Code    34  stm32f4xx_rcc.o(.text)
    RCC_AHB3PeriphClockLPModeCmd             0x08005721   Thumb Code    34  stm32f4xx_rcc.o(.text)
    RCC_APB1PeriphClockLPModeCmd             0x08005743   Thumb Code    34  stm32f4xx_rcc.o(.text)
    RCC_APB2PeriphClockLPModeCmd             0x08005765   Thumb Code    34  stm32f4xx_rcc.o(.text)
    RCC_LSEModeConfig                        0x08005787   Thumb Code    40  stm32f4xx_rcc.o(.text)
    RCC_ITConfig                             0x080057af   Thumb Code    34  stm32f4xx_rcc.o(.text)
    RCC_ClearFlag                            0x080057d1   Thumb Code    18  stm32f4xx_rcc.o(.text)
    RCC_GetITStatus                          0x080057e3   Thumb Code    22  stm32f4xx_rcc.o(.text)
    RCC_ClearITPendingBit                    0x080057f9   Thumb Code     8  stm32f4xx_rcc.o(.text)
    SYSCFG_DeInit                            0x08005805   Thumb Code    22  stm32f4xx_syscfg.o(.text)
    SYSCFG_MemoryRemapConfig                 0x0800581b   Thumb Code     6  stm32f4xx_syscfg.o(.text)
    SYSCFG_MemorySwappingBank                0x08005821   Thumb Code     6  stm32f4xx_syscfg.o(.text)
    SYSCFG_EXTILineConfig                    0x08005827   Thumb Code    66  stm32f4xx_syscfg.o(.text)
    SYSCFG_ETH_MediaInterfaceConfig          0x08005869   Thumb Code     8  stm32f4xx_syscfg.o(.text)
    SYSCFG_CompensationCellCmd               0x08005871   Thumb Code     6  stm32f4xx_syscfg.o(.text)
    SYSCFG_GetCompensationCellStatus         0x08005877   Thumb Code    22  stm32f4xx_syscfg.o(.text)
    TIM_DeInit                               0x08005899   Thumb Code   346  stm32f4xx_tim.o(.text)
    TIM_TimeBaseInit                         0x080059f3   Thumb Code   104  stm32f4xx_tim.o(.text)
    TIM_TimeBaseStructInit                   0x08005a5b   Thumb Code    18  stm32f4xx_tim.o(.text)
    TIM_PrescalerConfig                      0x08005a6d   Thumb Code     6  stm32f4xx_tim.o(.text)
    TIM_CounterModeConfig                    0x08005a73   Thumb Code    18  stm32f4xx_tim.o(.text)
    TIM_SetCounter                           0x08005a85   Thumb Code     4  stm32f4xx_tim.o(.text)
    TIM_SetAutoreload                        0x08005a89   Thumb Code     4  stm32f4xx_tim.o(.text)
    TIM_GetCounter                           0x08005a8d   Thumb Code     6  stm32f4xx_tim.o(.text)
    TIM_GetPrescaler                         0x08005a93   Thumb Code     6  stm32f4xx_tim.o(.text)
    TIM_UpdateDisableConfig                  0x08005a99   Thumb Code    24  stm32f4xx_tim.o(.text)
    TIM_UpdateRequestConfig                  0x08005ab1   Thumb Code    24  stm32f4xx_tim.o(.text)
    TIM_ARRPreloadConfig                     0x08005ac9   Thumb Code    24  stm32f4xx_tim.o(.text)
    TIM_SelectOnePulseMode                   0x08005ae1   Thumb Code    18  stm32f4xx_tim.o(.text)
    TIM_SetClockDivision                     0x08005af3   Thumb Code    18  stm32f4xx_tim.o(.text)
    TIM_Cmd                                  0x08005b05   Thumb Code    24  stm32f4xx_tim.o(.text)
    TIM_OC1Init                              0x08005b1d   Thumb Code   114  stm32f4xx_tim.o(.text)
    TIM_OC2Init                              0x08005b8f   Thumb Code   154  stm32f4xx_tim.o(.text)
    TIM_OC3Init                              0x08005c29   Thumb Code   204  stm32f4xx_tim.o(.text)
    TIM_OC4Init                              0x08005cf5   Thumb Code   112  stm32f4xx_tim.o(.text)
    TIM_OCStructInit                         0x08005d65   Thumb Code    20  stm32f4xx_tim.o(.text)
    TIM_SelectOCxM                           0x08005d79   Thumb Code    86  stm32f4xx_tim.o(.text)
    TIM_SetCompare1                          0x08005dcf   Thumb Code     4  stm32f4xx_tim.o(.text)
    TIM_SetCompare2                          0x08005dd3   Thumb Code     4  stm32f4xx_tim.o(.text)
    TIM_SetCompare3                          0x08005dd7   Thumb Code     4  stm32f4xx_tim.o(.text)
    TIM_SetCompare4                          0x08005ddb   Thumb Code     4  stm32f4xx_tim.o(.text)
    TIM_ForcedOC1Config                      0x08005ddf   Thumb Code    18  stm32f4xx_tim.o(.text)
    TIM_ForcedOC2Config                      0x08005df1   Thumb Code    26  stm32f4xx_tim.o(.text)
    TIM_ForcedOC3Config                      0x08005e0b   Thumb Code    18  stm32f4xx_tim.o(.text)
    TIM_ForcedOC4Config                      0x08005e1d   Thumb Code    26  stm32f4xx_tim.o(.text)
    TIM_OC1PreloadConfig                     0x08005e37   Thumb Code    18  stm32f4xx_tim.o(.text)
    TIM_OC2PreloadConfig                     0x08005e49   Thumb Code    26  stm32f4xx_tim.o(.text)
    TIM_OC3PreloadConfig                     0x08005e63   Thumb Code    18  stm32f4xx_tim.o(.text)
    TIM_OC4PreloadConfig                     0x08005e75   Thumb Code    26  stm32f4xx_tim.o(.text)
    TIM_OC1FastConfig                        0x08005e8f   Thumb Code    18  stm32f4xx_tim.o(.text)
    TIM_OC2FastConfig                        0x08005ea1   Thumb Code    26  stm32f4xx_tim.o(.text)
    TIM_OC3FastConfig                        0x08005ebb   Thumb Code    18  stm32f4xx_tim.o(.text)
    TIM_OC4FastConfig                        0x08005ecd   Thumb Code    26  stm32f4xx_tim.o(.text)
    TIM_ClearOC1Ref                          0x08005ee7   Thumb Code    18  stm32f4xx_tim.o(.text)
    TIM_ClearOC2Ref                          0x08005ef9   Thumb Code    24  stm32f4xx_tim.o(.text)
    TIM_ClearOC3Ref                          0x08005f11   Thumb Code    18  stm32f4xx_tim.o(.text)
    TIM_ClearOC4Ref                          0x08005f23   Thumb Code    24  stm32f4xx_tim.o(.text)
    TIM_OC1PolarityConfig                    0x08005f3b   Thumb Code    18  stm32f4xx_tim.o(.text)
    TIM_OC1NPolarityConfig                   0x08005f4d   Thumb Code    18  stm32f4xx_tim.o(.text)
    TIM_OC2PolarityConfig                    0x08005f5f   Thumb Code    26  stm32f4xx_tim.o(.text)
    TIM_OC2NPolarityConfig                   0x08005f79   Thumb Code    26  stm32f4xx_tim.o(.text)
    TIM_OC3PolarityConfig                    0x08005f93   Thumb Code    26  stm32f4xx_tim.o(.text)
    TIM_OC3NPolarityConfig                   0x08005fad   Thumb Code    26  stm32f4xx_tim.o(.text)
    TIM_OC4PolarityConfig                    0x08005fc7   Thumb Code    26  stm32f4xx_tim.o(.text)
    TIM_CCxCmd                               0x08005fe1   Thumb Code    30  stm32f4xx_tim.o(.text)
    TIM_CCxNCmd                              0x08005fff   Thumb Code    30  stm32f4xx_tim.o(.text)
    TIM_SetIC4Prescaler                      0x0800601d   Thumb Code    26  stm32f4xx_tim.o(.text)
    TIM_SetIC3Prescaler                      0x08006087   Thumb Code    18  stm32f4xx_tim.o(.text)
    TIM_SetIC2Prescaler                      0x080060e1   Thumb Code    26  stm32f4xx_tim.o(.text)
    TIM_SetIC1Prescaler                      0x08006155   Thumb Code    18  stm32f4xx_tim.o(.text)
    TIM_ICInit                               0x080061a1   Thumb Code   110  stm32f4xx_tim.o(.text)
    TIM_ICStructInit                         0x0800620f   Thumb Code    18  stm32f4xx_tim.o(.text)
    TIM_PWMIConfig                           0x08006221   Thumb Code   124  stm32f4xx_tim.o(.text)
    TIM_GetCapture1                          0x0800629d   Thumb Code     6  stm32f4xx_tim.o(.text)
    TIM_GetCapture2                          0x080062a3   Thumb Code     6  stm32f4xx_tim.o(.text)
    TIM_GetCapture3                          0x080062a9   Thumb Code     6  stm32f4xx_tim.o(.text)
    TIM_GetCapture4                          0x080062af   Thumb Code     6  stm32f4xx_tim.o(.text)
    TIM_BDTRConfig                           0x080062b5   Thumb Code    32  stm32f4xx_tim.o(.text)
    TIM_BDTRStructInit                       0x080062d5   Thumb Code    18  stm32f4xx_tim.o(.text)
    TIM_CtrlPWMOutputs                       0x080062e7   Thumb Code    30  stm32f4xx_tim.o(.text)
    TIM_SelectCOM                            0x08006305   Thumb Code    24  stm32f4xx_tim.o(.text)
    TIM_CCPreloadControl                     0x0800631d   Thumb Code    24  stm32f4xx_tim.o(.text)
    TIM_ITConfig                             0x08006335   Thumb Code    18  stm32f4xx_tim.o(.text)
    TIM_GenerateEvent                        0x08006347   Thumb Code     4  stm32f4xx_tim.o(.text)
    TIM_GetFlagStatus                        0x0800634b   Thumb Code    18  stm32f4xx_tim.o(.text)
    TIM_ClearFlag                            0x0800635d   Thumb Code     6  stm32f4xx_tim.o(.text)
    TIM_GetITStatus                          0x08006363   Thumb Code    34  stm32f4xx_tim.o(.text)
    TIM_ClearITPendingBit                    0x08006385   Thumb Code     6  stm32f4xx_tim.o(.text)
    TIM_DMAConfig                            0x0800638b   Thumb Code    10  stm32f4xx_tim.o(.text)
    TIM_DMACmd                               0x08006395   Thumb Code    18  stm32f4xx_tim.o(.text)
    TIM_SelectCCDMA                          0x080063a7   Thumb Code    24  stm32f4xx_tim.o(.text)
    TIM_InternalClockConfig                  0x080063bf   Thumb Code    12  stm32f4xx_tim.o(.text)
    TIM_SelectInputTrigger                   0x080063cb   Thumb Code    18  stm32f4xx_tim.o(.text)
    TIM_ITRxExternalClockConfig              0x080063dd   Thumb Code    24  stm32f4xx_tim.o(.text)
    TIM_TIxExternalClockConfig               0x080063f5   Thumb Code    62  stm32f4xx_tim.o(.text)
    TIM_ETRConfig                            0x08006433   Thumb Code    28  stm32f4xx_tim.o(.text)
    TIM_ETRClockMode1Config                  0x0800644f   Thumb Code    54  stm32f4xx_tim.o(.text)
    TIM_ETRClockMode2Config                  0x08006485   Thumb Code    32  stm32f4xx_tim.o(.text)
    TIM_SelectOutputTrigger                  0x080064a5   Thumb Code    18  stm32f4xx_tim.o(.text)
    TIM_SelectSlaveMode                      0x080064b7   Thumb Code    18  stm32f4xx_tim.o(.text)
    TIM_SelectMasterSlaveMode                0x080064c9   Thumb Code    18  stm32f4xx_tim.o(.text)
    TIM_EncoderInterfaceConfig               0x080064db   Thumb Code    66  stm32f4xx_tim.o(.text)
    TIM_SelectHallSensor                     0x0800651d   Thumb Code    24  stm32f4xx_tim.o(.text)
    TIM_RemapConfig                          0x08006535   Thumb Code     6  stm32f4xx_tim.o(.text)
    USART_DeInit                             0x0800653d   Thumb Code   206  stm32f4xx_usart.o(.text)
    USART_Init                               0x0800660b   Thumb Code   204  stm32f4xx_usart.o(.text)
    USART_StructInit                         0x080066d7   Thumb Code    24  stm32f4xx_usart.o(.text)
    USART_ClockInit                          0x080066ef   Thumb Code    32  stm32f4xx_usart.o(.text)
    USART_ClockStructInit                    0x0800670f   Thumb Code    12  stm32f4xx_usart.o(.text)
    USART_Cmd                                0x0800671b   Thumb Code    24  stm32f4xx_usart.o(.text)
    USART_SetPrescaler                       0x08006733   Thumb Code    16  stm32f4xx_usart.o(.text)
    USART_OverSampling8Cmd                   0x08006743   Thumb Code    22  stm32f4xx_usart.o(.text)
    USART_OneBitMethodCmd                    0x08006759   Thumb Code    24  stm32f4xx_usart.o(.text)
    USART_SendData                           0x08006771   Thumb Code     8  stm32f4xx_usart.o(.text)
    USART_ReceiveData                        0x08006779   Thumb Code    10  stm32f4xx_usart.o(.text)
    USART_SetAddress                         0x08006783   Thumb Code    18  stm32f4xx_usart.o(.text)
    USART_ReceiverWakeUpCmd                  0x08006795   Thumb Code    24  stm32f4xx_usart.o(.text)
    USART_WakeUpConfig                       0x080067ad   Thumb Code    18  stm32f4xx_usart.o(.text)
    USART_LINBreakDetectLengthConfig         0x080067bf   Thumb Code    18  stm32f4xx_usart.o(.text)
    USART_LINCmd                             0x080067d1   Thumb Code    24  stm32f4xx_usart.o(.text)
    USART_SendBreak                          0x080067e9   Thumb Code    10  stm32f4xx_usart.o(.text)
    USART_HalfDuplexCmd                      0x080067f3   Thumb Code    24  stm32f4xx_usart.o(.text)
    USART_SetGuardTime                       0x0800680b   Thumb Code    16  stm32f4xx_usart.o(.text)
    USART_SmartCardCmd                       0x0800681b   Thumb Code    24  stm32f4xx_usart.o(.text)
    USART_SmartCardNACKCmd                   0x08006833   Thumb Code    24  stm32f4xx_usart.o(.text)
    USART_IrDAConfig                         0x0800684b   Thumb Code    18  stm32f4xx_usart.o(.text)
    USART_IrDACmd                            0x0800685d   Thumb Code    24  stm32f4xx_usart.o(.text)
    USART_DMACmd                             0x08006875   Thumb Code    18  stm32f4xx_usart.o(.text)
    USART_ITConfig                           0x08006887   Thumb Code    74  stm32f4xx_usart.o(.text)
    USART_GetFlagStatus                      0x080068d1   Thumb Code    26  stm32f4xx_usart.o(.text)
    USART_ClearFlag                          0x080068eb   Thumb Code    18  stm32f4xx_usart.o(.text)
    USART_GetITStatus                        0x080068fd   Thumb Code   118  stm32f4xx_usart.o(.text)
    USART_ClearITPendingBit                  0x08006973   Thumb Code    30  stm32f4xx_usart.o(.text)
    EXTI_DeInit                              0x08006991   Thumb Code    28  stm32f4xx_exti.o(.text)
    EXTI_Init                                0x080069ad   Thumb Code   142  stm32f4xx_exti.o(.text)
    EXTI_StructInit                          0x08006a3b   Thumb Code    16  stm32f4xx_exti.o(.text)
    EXTI_GenerateSWInterrupt                 0x08006a4b   Thumb Code    16  stm32f4xx_exti.o(.text)
    EXTI_GetFlagStatus                       0x08006a5b   Thumb Code    22  stm32f4xx_exti.o(.text)
    EXTI_ClearFlag                           0x08006a71   Thumb Code     8  stm32f4xx_exti.o(.text)
    EXTI_GetITStatus                         0x08006a79   Thumb Code    22  stm32f4xx_exti.o(.text)
    EXTI_ClearITPendingBit                   0x08006a8f   Thumb Code     8  stm32f4xx_exti.o(.text)
    __use_no_semihosting                     0x08006aa1   Thumb Code     2  use_no_semi_2.o(.text)
    __aeabi_ldivmod                          0x08006aa3   Thumb Code     0  llsdiv.o(.text)
    _ll_sdiv                                 0x08006aa3   Thumb Code    72  llsdiv.o(.text)
    __2printf                                0x08006aed   Thumb Code    20  noretval__2printf.o(.text)
    _printf_pre_padding                      0x08006b05   Thumb Code    44  _printf_pad.o(.text)
    _printf_post_padding                     0x08006b31   Thumb Code    34  _printf_pad.o(.text)
    _printf_int_dec                          0x08006b55   Thumb Code   100  _printf_dec.o(.text)
    _printf_int_hex                          0x08006bc9   Thumb Code    84  _printf_hex_int.o(.text)
    _printf_longlong_hex                     0x08006bc9   Thumb Code     0  _printf_hex_int.o(.text)
    __printf                                 0x08006c21   Thumb Code   308  __printf_flags_wp.o(.text)
    memcmp                                   0x08006d59   Thumb Code    88  memcmp.o(.text)
    __aeabi_memcpy4                          0x08006db1   Thumb Code     0  rt_memcpy_w.o(.text)
    __aeabi_memcpy8                          0x08006db1   Thumb Code     0  rt_memcpy_w.o(.text)
    __rt_memcpy_w                            0x08006db1   Thumb Code   100  rt_memcpy_w.o(.text)
    _memcpy_lastbytes_aligned                0x08006df9   Thumb Code     0  rt_memcpy_w.o(.text)
    __aeabi_memset                           0x08006e15   Thumb Code    16  aeabi_memset.o(.text)
    __use_two_region_memory                  0x08006e25   Thumb Code     2  heapauxi.o(.text)
    __rt_heap_escrow$2region                 0x08006e27   Thumb Code     2  heapauxi.o(.text)
    __rt_heap_expand$2region                 0x08006e29   Thumb Code     2  heapauxi.o(.text)
    __I$use$semihosting                      0x08006e2b   Thumb Code     0  use_no_semi.o(.text)
    __use_no_semihosting_swi                 0x08006e2b   Thumb Code     2  use_no_semi.o(.text)
    __aeabi_uldivmod                         0x08006e2d   Thumb Code     0  lludivv7m.o(.text)
    _ll_udiv                                 0x08006e2d   Thumb Code   238  lludivv7m.o(.text)
    __read_errno                             0x08006f1b   Thumb Code    10  _rserrno.o(.text)
    __set_errno                              0x08006f25   Thumb Code    12  _rserrno.o(.text)
    _printf_int_common                       0x08006f31   Thumb Code   178  _printf_intcommon.o(.text)
    __lib_sel_fp_printf                      0x08006fe3   Thumb Code     2  _printf_fp_dec.o(.text)
    _printf_fp_dec_real                      0x08007191   Thumb Code   616  _printf_fp_dec.o(.text)
    _printf_char_file                        0x080073f9   Thumb Code    32  _printf_char_file.o(.text)
    __aeabi_memclr                           0x0800741d   Thumb Code     0  rt_memclr.o(.text)
    __rt_memclr                              0x0800741d   Thumb Code    68  rt_memclr.o(.text)
    _memset                                  0x08007421   Thumb Code     0  rt_memclr.o(.text)
    __rt_locale                              0x08007461   Thumb Code     8  rt_locale_intlibspace.o(.text)
    __aeabi_errno_addr                       0x08007469   Thumb Code     8  rt_errno_addr_intlibspace.o(.text)
    __errno$intlibspace                      0x08007469   Thumb Code     0  rt_errno_addr_intlibspace.o(.text)
    __rt_errno_addr$intlibspace              0x08007469   Thumb Code     0  rt_errno_addr_intlibspace.o(.text)
    _ll_udiv10                               0x08007471   Thumb Code   138  lludiv10.o(.text)
    _printf_char_common                      0x08007507   Thumb Code    32  _printf_char_common.o(.text)
    _printf_fp_infnan                        0x0800752d   Thumb Code   112  _printf_fp_infnan.o(.text)
    _btod_etento                             0x080075ad   Thumb Code   212  bigflt0.o(.text)
    ferror                                   0x08007685   Thumb Code     8  ferror.o(.text)
    __aeabi_memclr4                          0x0800768d   Thumb Code     0  rt_memclr_w.o(.text)
    __aeabi_memclr8                          0x0800768d   Thumb Code     0  rt_memclr_w.o(.text)
    __rt_memclr_w                            0x0800768d   Thumb Code    78  rt_memclr_w.o(.text)
    _memset_w                                0x08007691   Thumb Code     0  rt_memclr_w.o(.text)
    __user_libspace                          0x080076dd   Thumb Code     8  libspace.o(.text)
    __user_perproc_libspace                  0x080076dd   Thumb Code     0  libspace.o(.text)
    __user_perthread_libspace                0x080076dd   Thumb Code     0  libspace.o(.text)
    __user_setup_stackheap                   0x080076e5   Thumb Code    74  sys_stackheap_outer.o(.text)
    exit                                     0x0800772f   Thumb Code    12  exit.o(.text)
    strcmp                                   0x0800773d   Thumb Code   128  strcmpv7m.o(.text)
    _btod_d2e                                0x080077bd   Thumb Code    62  btod.o(CL$$btod_d2e)
    _d2e_denorm_low                          0x080077fb   Thumb Code    70  btod.o(CL$$btod_d2e_denorm_low)
    _d2e_norm_op1                            0x08007841   Thumb Code    96  btod.o(CL$$btod_d2e_norm_op1)
    __btod_div_common                        0x080078a1   Thumb Code   696  btod.o(CL$$btod_div_common)
    _e2e                                     0x08007bd9   Thumb Code   198  btod.o(CL$$btod_e2e)
    _btod_ediv                               0x08007c9f   Thumb Code    40  btod.o(CL$$btod_ediv)
    _btod_emul                               0x08007cc7   Thumb Code    40  btod.o(CL$$btod_emul)
    __btod_mult_common                       0x08007cef   Thumb Code   580  btod.o(CL$$btod_mult_common)
    __ARM_fpclassify                         0x08007f33   Thumb Code    48  fpclassify.o(i.__ARM_fpclassify)
    __hardfp_asin                            0x08007f69   Thumb Code   770  asin.o(i.__hardfp_asin)
    __hardfp_atan                            0x080082d9   Thumb Code   632  atan.o(i.__hardfp_atan)
    __hardfp_atan2                           0x080085b9   Thumb Code   426  atan2.o(i.__hardfp_atan2)
    __kernel_poly                            0x080087a9   Thumb Code   248  poly.o(i.__kernel_poly)
    __mathlib_dbl_underflow                  0x080088a1   Thumb Code    24  dunder.o(i.__mathlib_dbl_underflow)
    _is_digit                                0x080088c1   Thumb Code    14  __printf_wp.o(i._is_digit)
    atan                                     0x080088cf   Thumb Code    16  atan.o(i.atan)
    fabs                                     0x080088df   Thumb Code    24  fabs.o(i.fabs)
    sqrt                                     0x080088f7   Thumb Code   110  sqrt.o(i.sqrt)
    _get_lc_numeric                          0x08008965   Thumb Code    44  lc_numeric_c.o(locale$$code)
    __aeabi_dneg                             0x08008991   Thumb Code     0  basic.o(x$fpl$basic)
    _dneg                                    0x08008991   Thumb Code     6  basic.o(x$fpl$basic)
    __aeabi_fneg                             0x08008997   Thumb Code     0  basic.o(x$fpl$basic)
    _fneg                                    0x08008997   Thumb Code     6  basic.o(x$fpl$basic)
    _dabs                                    0x0800899d   Thumb Code     6  basic.o(x$fpl$basic)
    _fabs                                    0x080089a3   Thumb Code     6  basic.o(x$fpl$basic)
    __aeabi_d2f                              0x080089a9   Thumb Code     0  d2f.o(x$fpl$d2f)
    _d2f                                     0x080089a9   Thumb Code    98  d2f.o(x$fpl$d2f)
    __aeabi_dadd                             0x08008a0d   Thumb Code     0  daddsub_clz.o(x$fpl$dadd)
    _dadd                                    0x08008a0d   Thumb Code   332  daddsub_clz.o(x$fpl$dadd)
    __fpl_dcmp_Inf                           0x08008b5d   Thumb Code    24  dcmpi.o(x$fpl$dcmpinf)
    __aeabi_ddiv                             0x08008b75   Thumb Code     0  ddiv.o(x$fpl$ddiv)
    _ddiv                                    0x08008b75   Thumb Code   552  ddiv.o(x$fpl$ddiv)
    __aeabi_d2uiz                            0x08008e25   Thumb Code     0  dfixu.o(x$fpl$dfixu)
    _dfixu                                   0x08008e25   Thumb Code    90  dfixu.o(x$fpl$dfixu)
    __aeabi_i2d                              0x08008e7f   Thumb Code     0  dflt_clz.o(x$fpl$dflt)
    _dflt                                    0x08008e7f   Thumb Code    46  dflt_clz.o(x$fpl$dflt)
    __aeabi_ui2d                             0x08008ead   Thumb Code     0  dflt_clz.o(x$fpl$dfltu)
    _dfltu                                   0x08008ead   Thumb Code    38  dflt_clz.o(x$fpl$dfltu)
    __aeabi_cdcmple                          0x08008ed5   Thumb Code     0  dleqf.o(x$fpl$dleqf)
    _dcmple                                  0x08008ed5   Thumb Code   120  dleqf.o(x$fpl$dleqf)
    __fpl_dcmple_InfNaN                      0x08008f37   Thumb Code     0  dleqf.o(x$fpl$dleqf)
    __aeabi_dmul                             0x08008f4d   Thumb Code     0  dmul.o(x$fpl$dmul)
    _dmul                                    0x08008f4d   Thumb Code   332  dmul.o(x$fpl$dmul)
    __fpl_dnaninf                            0x080090a1   Thumb Code   156  dnaninf.o(x$fpl$dnaninf)
    __fpl_dretinf                            0x0800913d   Thumb Code    12  dretinf.o(x$fpl$dretinf)
    __aeabi_cdrcmple                         0x08009149   Thumb Code     0  drleqf.o(x$fpl$drleqf)
    _drcmple                                 0x08009149   Thumb Code   108  drleqf.o(x$fpl$drleqf)
    __aeabi_drsub                            0x080091b5   Thumb Code     0  daddsub_clz.o(x$fpl$drsb)
    _drsb                                    0x080091b5   Thumb Code    22  daddsub_clz.o(x$fpl$drsb)
    _dsqrt                                   0x080091cd   Thumb Code   404  dsqrt_umaal.o(x$fpl$dsqrt)
    __aeabi_dsub                             0x08009365   Thumb Code     0  daddsub_clz.o(x$fpl$dsub)
    _dsub                                    0x08009365   Thumb Code   464  daddsub_clz.o(x$fpl$dsub)
    __aeabi_f2d                              0x08009539   Thumb Code     0  f2d.o(x$fpl$f2d)
    _f2d                                     0x08009539   Thumb Code    86  f2d.o(x$fpl$f2d)
    __fpl_fnaninf                            0x0800958f   Thumb Code   140  fnaninf.o(x$fpl$fnaninf)
    _fp_init                                 0x0800961b   Thumb Code    10  fpinit.o(x$fpl$fpinit)
    __fplib_config_fpu_vfp                   0x08009623   Thumb Code     0  fpinit.o(x$fpl$fpinit)
    __fplib_config_pureend_doubles           0x08009623   Thumb Code     0  fpinit.o(x$fpl$fpinit)
    __fpl_fretinf                            0x08009625   Thumb Code    10  fretinf.o(x$fpl$fretinf)
    _printf_fp_dec                           0x0800962f   Thumb Code     4  printf1.o(x$fpl$printf1)
    __I$use$fp                               0x08009632   Number         0  usenofp.o(x$fpl$usenofp)
    reg                                      0x08009634   Data          27  inv_mpu.o(.constdata)
    hw                                       0x08009650   Data          12  inv_mpu.o(.constdata)
    test                                     0x0800965c   Data          40  inv_mpu.o(.constdata)
    __mathlib_zero                           0x0800a3a0   Data           8  qnan.o(.constdata)
    Region$$Table$$Base                      0x0800a48c   Number         0  anon$$obj.o(Region$$Table)
    Region$$Table$$Limit                     0x0800a4ac   Number         0  anon$$obj.o(Region$$Table)
    now_omegax                               0x20000000   Data           8  main.o(.data)
    init_omegax                              0x20000008   Data           8  main.o(.data)
    init_roll                                0x20000010   Data           8  main.o(.data)
    now_roll                                 0x20000018   Data           8  main.o(.data)
    SystemCoreClock                          0x20000020   Data           4  system_stm32f4xx.o(.data)
    AHBPrescTable                            0x20000024   Data          16  system_stm32f4xx.o(.data)
    flag                                     0x20000034   Data           1  timer.o(.data)
    pitch                                    0x20000070   Data           4  ctrl.o(.data)
    roll                                     0x20000074   Data           4  ctrl.o(.data)
    yaw                                      0x20000078   Data           4  ctrl.o(.data)
    aacx                                     0x2000007c   Data           2  ctrl.o(.data)
    aacy                                     0x2000007e   Data           2  ctrl.o(.data)
    aacz                                     0x20000080   Data           2  ctrl.o(.data)
    gyrox                                    0x20000082   Data           2  ctrl.o(.data)
    gyroy                                    0x20000084   Data           2  ctrl.o(.data)
    gyroz                                    0x20000086   Data           2  ctrl.o(.data)
    __stdout                                 0x2000008c   Data           4  usart.o(.data)
    USART_RX_STA                             0x20000090   Data           2  usart.o(.data)
    exp_point                                0x200000a8   Data          32  main.o(.bss)
    USART_RX_BUF                             0x200000d8   Data         200  usart.o(.bss)
    __libspace_start                         0x200001a0   Data          96  libspace.o(.bss)
    __temporary_stack_top$libspace           0x20000200   Data           0  libspace.o(.bss)



==============================================================================

Memory Map of the image

  Image Entry point : 0x08000189

  Load Region LR_IROM1 (Base: 0x08000000, Size: 0x0000a56c, Max: 0x00100000, ABSOLUTE)

    Execution Region ER_IROM1 (Base: 0x08000000, Size: 0x0000a4c8, Max: 0x00100000, ABSOLUTE)

    Base Addr    Size         Type   Attr      Idx    E Section Name        Object

    0x08000000   0x00000188   Data   RO          609    RESET               startup_stm32f40_41xxx.o
    0x08000188   0x00000008   Code   RO          825  * !!!main             c_w.l(__main.o)
    0x08000190   0x00000034   Code   RO         1168    !!!scatter          c_w.l(__scatter.o)
    0x080001c4   0x0000001a   Code   RO         1170    !!handler_copy      c_w.l(__scatter_copy.o)
    0x080001de   0x00000002   PAD
    0x080001e0   0x0000001c   Code   RO         1172    !!handler_zi        c_w.l(__scatter_zi.o)
    0x080001fc   0x00000000   Code   RO          816    .ARM.Collect$$_printf_percent$$00000000  c_w.l(_printf_percent.o)
    0x080001fc   0x00000006   Code   RO          815    .ARM.Collect$$_printf_percent$$00000003  c_w.l(_printf_f.o)
    0x08000202   0x00000006   Code   RO          814    .ARM.Collect$$_printf_percent$$00000009  c_w.l(_printf_d.o)
    0x08000208   0x00000006   Code   RO          813    .ARM.Collect$$_printf_percent$$0000000C  c_w.l(_printf_x.o)
    0x0800020e   0x00000004   Code   RO          898    .ARM.Collect$$_printf_percent$$00000017  c_w.l(_printf_percent_end.o)
    0x08000212   0x00000002   Code   RO         1044    .ARM.Collect$$libinit$$00000000  c_w.l(libinit.o)
    0x08000214   0x00000004   Code   RO         1045    .ARM.Collect$$libinit$$00000001  c_w.l(libinit2.o)
    0x08000218   0x00000000   Code   RO         1049    .ARM.Collect$$libinit$$00000008  c_w.l(libinit2.o)
    0x08000218   0x00000000   Code   RO         1051    .ARM.Collect$$libinit$$0000000A  c_w.l(libinit2.o)
    0x08000218   0x00000000   Code   RO         1053    .ARM.Collect$$libinit$$0000000C  c_w.l(libinit2.o)
    0x08000218   0x00000006   Code   RO         1054    .ARM.Collect$$libinit$$0000000D  c_w.l(libinit2.o)
    0x0800021e   0x00000000   Code   RO         1056    .ARM.Collect$$libinit$$0000000F  c_w.l(libinit2.o)
    0x0800021e   0x00000000   Code   RO         1058    .ARM.Collect$$libinit$$00000011  c_w.l(libinit2.o)
    0x0800021e   0x00000000   Code   RO         1060    .ARM.Collect$$libinit$$00000013  c_w.l(libinit2.o)
    0x0800021e   0x0000000a   Code   RO         1061    .ARM.Collect$$libinit$$00000014  c_w.l(libinit2.o)
    0x08000228   0x00000000   Code   RO         1062    .ARM.Collect$$libinit$$00000015  c_w.l(libinit2.o)
    0x08000228   0x00000000   Code   RO         1064    .ARM.Collect$$libinit$$00000017  c_w.l(libinit2.o)
    0x08000228   0x00000000   Code   RO         1066    .ARM.Collect$$libinit$$00000019  c_w.l(libinit2.o)
    0x08000228   0x00000000   Code   RO         1068    .ARM.Collect$$libinit$$0000001B  c_w.l(libinit2.o)
    0x08000228   0x00000000   Code   RO         1070    .ARM.Collect$$libinit$$0000001D  c_w.l(libinit2.o)
    0x08000228   0x00000000   Code   RO         1072    .ARM.Collect$$libinit$$0000001F  c_w.l(libinit2.o)
    0x08000228   0x00000000   Code   RO         1074    .ARM.Collect$$libinit$$00000021  c_w.l(libinit2.o)
    0x08000228   0x00000000   Code   RO         1076    .ARM.Collect$$libinit$$00000023  c_w.l(libinit2.o)
    0x08000228   0x00000000   Code   RO         1080    .ARM.Collect$$libinit$$0000002A  c_w.l(libinit2.o)
    0x08000228   0x00000000   Code   RO         1082    .ARM.Collect$$libinit$$0000002C  c_w.l(libinit2.o)
    0x08000228   0x00000000   Code   RO         1084    .ARM.Collect$$libinit$$0000002E  c_w.l(libinit2.o)
    0x08000228   0x00000000   Code   RO         1086    .ARM.Collect$$libinit$$00000030  c_w.l(libinit2.o)
    0x08000228   0x00000002   Code   RO         1087    .ARM.Collect$$libinit$$00000031  c_w.l(libinit2.o)
    0x0800022a   0x00000002   Code   RO         1129    .ARM.Collect$$libshutdown$$00000000  c_w.l(libshutdown.o)
    0x0800022c   0x00000000   Code   RO         1139    .ARM.Collect$$libshutdown$$00000003  c_w.l(libshutdown2.o)
    0x0800022c   0x00000000   Code   RO         1142    .ARM.Collect$$libshutdown$$00000006  c_w.l(libshutdown2.o)
    0x0800022c   0x00000000   Code   RO         1145    .ARM.Collect$$libshutdown$$00000009  c_w.l(libshutdown2.o)
    0x0800022c   0x00000000   Code   RO         1147    .ARM.Collect$$libshutdown$$0000000B  c_w.l(libshutdown2.o)
    0x0800022c   0x00000000   Code   RO         1150    .ARM.Collect$$libshutdown$$0000000E  c_w.l(libshutdown2.o)
    0x0800022c   0x00000002   Code   RO         1151    .ARM.Collect$$libshutdown$$0000000F  c_w.l(libshutdown2.o)
    0x0800022e   0x00000000   Code   RO          887    .ARM.Collect$$rtentry$$00000000  c_w.l(rtentry.o)
    0x0800022e   0x00000000   Code   RO          954    .ARM.Collect$$rtentry$$00000002  c_w.l(rtentry2.o)
    0x0800022e   0x00000006   Code   RO          966    .ARM.Collect$$rtentry$$00000004  c_w.l(rtentry4.o)
    0x08000234   0x00000000   Code   RO          956    .ARM.Collect$$rtentry$$00000009  c_w.l(rtentry2.o)
    0x08000234   0x00000004   Code   RO          957    .ARM.Collect$$rtentry$$0000000A  c_w.l(rtentry2.o)
    0x08000238   0x00000000   Code   RO          959    .ARM.Collect$$rtentry$$0000000C  c_w.l(rtentry2.o)
    0x08000238   0x00000008   Code   RO          960    .ARM.Collect$$rtentry$$0000000D  c_w.l(rtentry2.o)
    0x08000240   0x00000002   Code   RO         1088    .ARM.Collect$$rtexit$$00000000  c_w.l(rtexit.o)
    0x08000242   0x00000000   Code   RO         1099    .ARM.Collect$$rtexit$$00000002  c_w.l(rtexit2.o)
    0x08000242   0x00000004   Code   RO         1100    .ARM.Collect$$rtexit$$00000003  c_w.l(rtexit2.o)
    0x08000246   0x00000006   Code   RO         1101    .ARM.Collect$$rtexit$$00000004  c_w.l(rtexit2.o)
    0x0800024c   0x000000e4   Code   RO            3    .text               main.o
    0x08000330   0x0000001a   Code   RO          178    .text               stm32f4xx_it.o
    0x0800034a   0x00000002   PAD
    0x0800034c   0x00000210   Code   RO          227    .text               system_stm32f4xx.o
    0x0800055c   0x000000b4   Code   RO          253    .text               led.o
    0x08000610   0x000000bc   Code   RO          273    .text               timer.o
    0x080006cc   0x0000025c   Code   RO          297    .text               myiic.o
    0x08000928   0x00000070   Code   RO          317    .text               kal.o
    0x08000998   0x00000384   Code   RO          337    .text               mpu6050.o
    0x08000d1c   0x000022c0   Code   RO          357    .text               inv_mpu.o
    0x08002fdc   0x00000d90   Code   RO          395    .text               inv_mpu_dmp_motion_driver.o
    0x08003d6c   0x000002e4   Code   RO          428    .text               pid.o
    0x08004050   0x0000029c   Code   RO          451    .text               pwm.o
    0x080042ec   0x0000067c   Code   RO          471    .text               ctrl.o
    0x08004968   0x000001d0   Code   RO          498    .text               exti.o
    0x08004b38   0x00000064   Code   RO          518    .text               mymath.o
    0x08004b9c   0x00000104   Code   RO          538    .text               delay.o
    0x08004ca0   0x00000154   Code   RO          578    .text               usart.o
    0x08004df4   0x00000040   Code   RO          610    .text               startup_stm32f40_41xxx.o
    0x08004e34   0x000000e0   Code   RO          616    .text               misc.o
    0x08004f14   0x00000294   Code   RO          636    .text               stm32f4xx_gpio.o
    0x080051a8   0x0000065c   Code   RO          656    .text               stm32f4xx_rcc.o
    0x08005804   0x00000094   Code   RO          678    .text               stm32f4xx_syscfg.o
    0x08005898   0x00000ca2   Code   RO          698    .text               stm32f4xx_tim.o
    0x0800653a   0x00000002   PAD
    0x0800653c   0x00000454   Code   RO          718    .text               stm32f4xx_usart.o
    0x08006990   0x00000110   Code   RO          738    .text               stm32f4xx_exti.o
    0x08006aa0   0x00000002   Code   RO          758    .text               c_w.l(use_no_semi_2.o)
    0x08006aa2   0x00000048   Code   RO          760    .text               c_w.l(llsdiv.o)
    0x08006aea   0x00000002   PAD
    0x08006aec   0x00000018   Code   RO          764    .text               c_w.l(noretval__2printf.o)
    0x08006b04   0x0000004e   Code   RO          768    .text               c_w.l(_printf_pad.o)
    0x08006b52   0x00000002   PAD
    0x08006b54   0x00000074   Code   RO          770    .text               c_w.l(_printf_dec.o)
    0x08006bc8   0x00000058   Code   RO          775    .text               c_w.l(_printf_hex_int.o)
    0x08006c20   0x00000138   Code   RO          805    .text               c_w.l(__printf_flags_wp.o)
    0x08006d58   0x00000058   Code   RO          817    .text               c_w.l(memcmp.o)
    0x08006db0   0x00000064   Code   RO          819    .text               c_w.l(rt_memcpy_w.o)
    0x08006e14   0x00000010   Code   RO          821    .text               c_w.l(aeabi_memset.o)
    0x08006e24   0x00000006   Code   RO          823    .text               c_w.l(heapauxi.o)
    0x08006e2a   0x00000002   Code   RO          885    .text               c_w.l(use_no_semi.o)
    0x08006e2c   0x000000ee   Code   RO          888    .text               c_w.l(lludivv7m.o)
    0x08006f1a   0x00000016   Code   RO          890    .text               c_w.l(_rserrno.o)
    0x08006f30   0x000000b2   Code   RO          892    .text               c_w.l(_printf_intcommon.o)
    0x08006fe2   0x00000416   Code   RO          894    .text               c_w.l(_printf_fp_dec.o)
    0x080073f8   0x00000024   Code   RO          896    .text               c_w.l(_printf_char_file.o)
    0x0800741c   0x00000044   Code   RO          899    .text               c_w.l(rt_memclr.o)
    0x08007460   0x00000008   Code   RO          975    .text               c_w.l(rt_locale_intlibspace.o)
    0x08007468   0x00000008   Code   RO          980    .text               c_w.l(rt_errno_addr_intlibspace.o)
    0x08007470   0x0000008a   Code   RO          982    .text               c_w.l(lludiv10.o)
    0x080074fa   0x00000002   PAD
    0x080074fc   0x00000030   Code   RO          984    .text               c_w.l(_printf_char_common.o)
    0x0800752c   0x00000080   Code   RO          986    .text               c_w.l(_printf_fp_infnan.o)
    0x080075ac   0x000000d8   Code   RO          988    .text               c_w.l(bigflt0.o)
    0x08007684   0x00000008   Code   RO         1013    .text               c_w.l(ferror.o)
    0x0800768c   0x0000004e   Code   RO         1020    .text               c_w.l(rt_memclr_w.o)
    0x080076da   0x00000002   PAD
    0x080076dc   0x00000008   Code   RO         1026    .text               c_w.l(libspace.o)
    0x080076e4   0x0000004a   Code   RO         1029    .text               c_w.l(sys_stackheap_outer.o)
    0x0800772e   0x0000000c   Code   RO         1035    .text               c_w.l(exit.o)
    0x0800773a   0x00000002   PAD
    0x0800773c   0x00000080   Code   RO         1037    .text               c_w.l(strcmpv7m.o)
    0x080077bc   0x0000003e   Code   RO          991    CL$$btod_d2e        c_w.l(btod.o)
    0x080077fa   0x00000046   Code   RO          993    CL$$btod_d2e_denorm_low  c_w.l(btod.o)
    0x08007840   0x00000060   Code   RO          992    CL$$btod_d2e_norm_op1  c_w.l(btod.o)
    0x080078a0   0x00000338   Code   RO         1001    CL$$btod_div_common  c_w.l(btod.o)
    0x08007bd8   0x000000c6   Code   RO          998    CL$$btod_e2e        c_w.l(btod.o)
    0x08007c9e   0x00000028   Code   RO          995    CL$$btod_ediv       c_w.l(btod.o)
    0x08007cc6   0x00000028   Code   RO          994    CL$$btod_emul       c_w.l(btod.o)
    0x08007cee   0x00000244   Code   RO         1000    CL$$btod_mult_common  c_w.l(btod.o)
    0x08007f32   0x00000030   Code   RO          936    i.__ARM_fpclassify  m_wm.l(fpclassify.o)
    0x08007f62   0x00000006   PAD
    0x08007f68   0x00000370   Code   RO          859    i.__hardfp_asin     m_wm.l(asin.o)
    0x080082d8   0x000002e0   Code   RO          914    i.__hardfp_atan     m_wm.l(atan.o)
    0x080085b8   0x000001f0   Code   RO          873    i.__hardfp_atan2    m_wm.l(atan2.o)
    0x080087a8   0x000000f8   Code   RO          938    i.__kernel_poly     m_wm.l(poly.o)
    0x080088a0   0x00000020   Code   RO          928    i.__mathlib_dbl_underflow  m_wm.l(dunder.o)
    0x080088c0   0x0000000e   Code   RO          803    i._is_digit         c_w.l(__printf_wp.o)
    0x080088ce   0x00000010   Code   RO          916    i.atan              m_wm.l(atan.o)
    0x080088de   0x00000018   Code   RO          932    i.fabs              m_wm.l(fabs.o)
    0x080088f6   0x0000006e   Code   RO          943    i.sqrt              m_wm.l(sqrt.o)
    0x08008964   0x0000002c   Code   RO         1018    locale$$code        c_w.l(lc_numeric_c.o)
    0x08008990   0x00000018   Code   RO          901    x$fpl$basic         fz_wm.l(basic.o)
    0x080089a8   0x00000062   Code   RO          827    x$fpl$d2f           fz_wm.l(d2f.o)
    0x08008a0a   0x00000002   PAD
    0x08008a0c   0x00000150   Code   RO          829    x$fpl$dadd          fz_wm.l(daddsub_clz.o)
    0x08008b5c   0x00000018   Code   RO          903    x$fpl$dcmpinf       fz_wm.l(dcmpi.o)
    0x08008b74   0x000002b0   Code   RO          836    x$fpl$ddiv          fz_wm.l(ddiv.o)
    0x08008e24   0x0000005a   Code   RO          839    x$fpl$dfixu         fz_wm.l(dfixu.o)
    0x08008e7e   0x0000002e   Code   RO          844    x$fpl$dflt          fz_wm.l(dflt_clz.o)
    0x08008eac   0x00000026   Code   RO          843    x$fpl$dfltu         fz_wm.l(dflt_clz.o)
    0x08008ed2   0x00000002   PAD
    0x08008ed4   0x00000078   Code   RO          849    x$fpl$dleqf         fz_wm.l(dleqf.o)
    0x08008f4c   0x00000154   Code   RO          851    x$fpl$dmul          fz_wm.l(dmul.o)
    0x080090a0   0x0000009c   Code   RO          905    x$fpl$dnaninf       fz_wm.l(dnaninf.o)
    0x0800913c   0x0000000c   Code   RO          907    x$fpl$dretinf       fz_wm.l(dretinf.o)
    0x08009148   0x0000006c   Code   RO          853    x$fpl$drleqf        fz_wm.l(drleqf.o)
    0x080091b4   0x00000016   Code   RO          830    x$fpl$drsb          fz_wm.l(daddsub_clz.o)
    0x080091ca   0x00000002   PAD
    0x080091cc   0x00000198   Code   RO         1022    x$fpl$dsqrt         fz_wm.l(dsqrt_umaal.o)
    0x08009364   0x000001d4   Code   RO          831    x$fpl$dsub          fz_wm.l(daddsub_clz.o)
    0x08009538   0x00000056   Code   RO          855    x$fpl$f2d           fz_wm.l(f2d.o)
    0x0800958e   0x0000008c   Code   RO          909    x$fpl$fnaninf       fz_wm.l(fnaninf.o)
    0x0800961a   0x0000000a   Code   RO         1096    x$fpl$fpinit        fz_wm.l(fpinit.o)
    0x08009624   0x0000000a   Code   RO          911    x$fpl$fretinf       fz_wm.l(fretinf.o)
    0x0800962e   0x00000004   Code   RO          857    x$fpl$printf1       fz_wm.l(printf1.o)
    0x08009632   0x00000000   Code   RO          913    x$fpl$usenofp       fz_wm.l(usenofp.o)
    0x08009632   0x00000002   PAD
    0x08009634   0x00000050   Data   RO          358    .constdata          inv_mpu.o
    0x08009684   0x00000bf6   Data   RO          397    .constdata          inv_mpu_dmp_motion_driver.o
    0x0800a27a   0x00000028   Data   RO          776    .constdata          c_w.l(_printf_hex_int.o)
    0x0800a2a2   0x00000011   Data   RO          806    .constdata          c_w.l(__printf_flags_wp.o)
    0x0800a2b3   0x00000005   PAD
    0x0800a2b8   0x00000050   Data   RO          862    .constdata          m_wm.l(asin.o)
    0x0800a308   0x00000098   Data   RO          917    .constdata          m_wm.l(atan.o)
    0x0800a3a0   0x00000008   Data   RO          940    .constdata          m_wm.l(qnan.o)
    0x0800a3a8   0x00000094   Data   RO          989    .constdata          c_w.l(bigflt0.o)
    0x0800a43c   0x0000004d   Data   RO          359    .conststring        inv_mpu.o
    0x0800a489   0x00000003   PAD
    0x0800a48c   0x00000020   Data   RO         1166    Region$$Table       anon$$obj.o
    0x0800a4ac   0x0000001c   Data   RO         1017    locale$$data        c_w.l(lc_numeric_c.o)


    Execution Region RW_IRAM1 (Base: 0x20000000, Size: 0x00000800, Max: 0x00020000, ABSOLUTE)

    Base Addr    Size         Type   Attr      Idx    E Section Name        Object

    0x20000000   0x00000020   Data   RW            5    .data               main.o
    0x20000020   0x00000014   Data   RW          228    .data               system_stm32f4xx.o
    0x20000034   0x00000001   Data   RW          274    .data               timer.o
    0x20000035   0x00000003   PAD
    0x20000038   0x00000035   Data   RW          360    .data               inv_mpu.o
    0x2000006d   0x00000003   PAD
    0x20000070   0x00000018   Data   RW          472    .data               ctrl.o
    0x20000088   0x00000004   Data   RW          539    .data               delay.o
    0x2000008c   0x00000006   Data   RW          580    .data               usart.o
    0x20000092   0x00000010   Data   RW          657    .data               stm32f4xx_rcc.o
    0x200000a2   0x00000006   PAD
    0x200000a8   0x00000020   Zero   RW            4    .bss                main.o
    0x200000c8   0x00000010   Zero   RW          396    .bss                inv_mpu_dmp_motion_driver.o
    0x200000d8   0x000000c8   Zero   RW          579    .bss                usart.o
    0x200001a0   0x00000060   Zero   RW         1027    .bss                c_w.l(libspace.o)
    0x20000200   0x00000200   Zero   RW          608    HEAP                startup_stm32f40_41xxx.o
    0x20000400   0x00000400   Zero   RW          607    STACK               startup_stm32f40_41xxx.o


==============================================================================

Image component sizes


      Code (inc. data)   RO Data    RW Data    ZI Data      Debug   Object Name

      1660        174          0         24          0       2996   ctrl.o
       260          8          0          4          0       1489   delay.o
       464         20          0          0          0       1075   exti.o
      8896        222        157         53          0      23913   inv_mpu.o
      3472        142       3062          0         16      15291   inv_mpu_dmp_motion_driver.o
       112         10          0          0          0        742   kal.o
       180         14          0          0          0        627   led.o
       228         34          0         32         32     286017   main.o
       224         20          0          0          0       1873   misc.o
       900         22          0          0          0       4307   mpu6050.o
       604         14          0          0          0       1924   myiic.o
       100          0          0          0          0        732   mymath.o
       740          8          0          0          0       2950   pid.o
       668         20          0          0          0       2110   pwm.o
        64         26        392          0       1536        852   startup_stm32f40_41xxx.o
       272         10          0          0          0       2319   stm32f4xx_exti.o
       660         44          0          0          0       4149   stm32f4xx_gpio.o
        26          0          0          0          0       1250   stm32f4xx_it.o
      1628         52          0         16          0      12964   stm32f4xx_rcc.o
       148         12          0          0          0       1873   stm32f4xx_syscfg.o
      3234         60          0          0          0      22352   stm32f4xx_tim.o
      1108         34          0          0          0       7848   stm32f4xx_usart.o
       528         46          0         20          0       1859   system_stm32f4xx.o
       188         18          0          1          0       1091   timer.o
       340         18          0          6        200       3398   usart.o

    ----------------------------------------------------------------------
     26708       1028       3646        164       1788     406001   Object Totals
         0          0         32          0          0          0   (incl. Generated)
         4          0          3          8          4          0   (incl. Padding)

    ----------------------------------------------------------------------

      Code (inc. data)   RO Data    RW Data    ZI Data      Debug   Library Member Name

         8          0          0          0          0         68   __main.o
       312          4         17          0          0         92   __printf_flags_wp.o
        14          0          0          0          0         68   __printf_wp.o
        52          8          0          0          0          0   __scatter.o
        26          0          0          0          0          0   __scatter_copy.o
        28          0          0          0          0          0   __scatter_zi.o
        48          6          0          0          0         96   _printf_char_common.o
        36          4          0          0          0         80   _printf_char_file.o
         6          0          0          0          0          0   _printf_d.o
       116         16          0          0          0         92   _printf_dec.o
         6          0          0          0          0          0   _printf_f.o
      1046          0          0          0          0        216   _printf_fp_dec.o
       128         16          0          0          0         84   _printf_fp_infnan.o
        88          4         40          0          0         88   _printf_hex_int.o
       178          0          0          0          0         88   _printf_intcommon.o
        78          0          0          0          0        108   _printf_pad.o
         0          0          0          0          0          0   _printf_percent.o
         4          0          0          0          0          0   _printf_percent_end.o
         6          0          0          0          0          0   _printf_x.o
        22          0          0          0          0        100   _rserrno.o
        16          0          0          0          0         68   aeabi_memset.o
       216          4        148          0          0         96   bigflt0.o
      1910        128          0          0          0        672   btod.o
        12          0          0          0          0         72   exit.o
         8          0          0          0          0         68   ferror.o
         6          0          0          0          0        152   heapauxi.o
        44         10         28          0          0         76   lc_numeric_c.o
         2          0          0          0          0          0   libinit.o
        22          0          0          0          0          0   libinit2.o
         2          0          0          0          0          0   libshutdown.o
         2          0          0          0          0          0   libshutdown2.o
         8          4          0          0         96         68   libspace.o
        72          0          0          0          0         76   llsdiv.o
       138          0          0          0          0         80   lludiv10.o
       238          0          0          0          0        100   lludivv7m.o
        88          0          0          0          0         76   memcmp.o
        24          4          0          0          0         84   noretval__2printf.o
         8          4          0          0          0         68   rt_errno_addr_intlibspace.o
         8          4          0          0          0         68   rt_locale_intlibspace.o
        68          0          0          0          0         68   rt_memclr.o
        78          0          0          0          0         80   rt_memclr_w.o
       100          0          0          0          0         80   rt_memcpy_w.o
         0          0          0          0          0          0   rtentry.o
        12          0          0          0          0          0   rtentry2.o
         6          0          0          0          0          0   rtentry4.o
         2          0          0          0          0          0   rtexit.o
        10          0          0          0          0          0   rtexit2.o
       128          0          0          0          0         68   strcmpv7m.o
        74          0          0          0          0         80   sys_stackheap_outer.o
         2          0          0          0          0         68   use_no_semi.o
         2          0          0          0          0         68   use_no_semi_2.o
        24          0          0          0          0        164   basic.o
        98          4          0          0          0        140   d2f.o
       826         16          0          0          0        492   daddsub_clz.o
        24          0          0          0          0        116   dcmpi.o
       688        140          0          0          0        256   ddiv.o
        90          4          0          0          0        140   dfixu.o
        84          0          0          0          0        232   dflt_clz.o
       120          4          0          0          0        140   dleqf.o
       340         12          0          0          0        152   dmul.o
       156          4          0          0          0        140   dnaninf.o
        12          0          0          0          0        116   dretinf.o
       108          0          0          0          0        128   drleqf.o
       408         56          0          0          0        168   dsqrt_umaal.o
        86          4          0          0          0        132   f2d.o
       140          4          0          0          0        132   fnaninf.o
        10          0          0          0          0        116   fpinit.o
        10          0          0          0          0        116   fretinf.o
         4          0          0          0          0        116   printf1.o
         0          0          0          0          0          0   usenofp.o
       880        110         80          0          0        200   asin.o
       752        104        152          0          0        344   atan.o
       496         70          0          0          0        156   atan2.o
        32          8          0          0          0        124   dunder.o
        24          0          0          0          0        124   fabs.o
        48          0          0          0          0        124   fpclassify.o
       248          0          0          0          0        152   poly.o
         0          0          8          0          0          0   qnan.o
       110          0          0          0          0        148   sqrt.o

    ----------------------------------------------------------------------
     11352        756        478          0         96       7884   Library Totals
        26          0          5          0          0          0   (incl. Padding)

    ----------------------------------------------------------------------

      Code (inc. data)   RO Data    RW Data    ZI Data      Debug   Library Name

      5508        216        233          0         96       3516   c_w.l
      3228        248          0          0          0       2996   fz_wm.l
      2590        292        240          0          0       1372   m_wm.l

    ----------------------------------------------------------------------
     11352        756        478          0         96       7884   Library Totals

    ----------------------------------------------------------------------

==============================================================================


      Code (inc. data)   RO Data    RW Data    ZI Data      Debug   

     38060       1784       4124        164       1884     404709   Grand Totals
     38060       1784       4124        164       1884     404709   ELF Image Totals
     38060       1784       4124        164          0          0   ROM Totals

==============================================================================

    Total RO  Size (Code + RO Data)                42184 (  41.20kB)
    Total RW  Size (RW Data + ZI Data)              2048 (   2.00kB)
    Total ROM Size (Code + RO Data + RW Data)      42348 (  41.36kB)

==============================================================================

